12:03:28 **** Clean-only build of configuration Debug for project Lib_CMSISv1p30_LPC17xx ****
make clean 
rm -rf  ./src/core_cm3.o ./src/system_LPC17xx.o  ./src/core_cm3.d ./src/system_LPC17xx.d  libCMSISv1p30_LPC17xx.a
 
12:03:29 **** Build of configuration Debug for project Lib_CMSISv1p30_LPC17xx ****
make all 
Building file: ../src/core_cm3.c
Invoking: MCU C Compiler
arm-none-eabi-gcc -DDEBUG -D__CODE_RED -D__REDLIB__ -I"C:\Users\wamik\Documents\Notes Y2S2\CG2028\Labs and assignment\CG2028-assignment\Lib_CMSISv1p30_LPC17xx\inc" -O0 -g3 -Wall -c -fmessage-length=0 -fno-builtin -ffunction-sections -mcpu=cortex-m3 -mthumb -MMD -MP -MF"src/core_cm3.d" -MT"src/core_cm3.d" -o "src/core_cm3.o" "../src/core_cm3.c"
Finished building: ../src/core_cm3.c
 
Building file: ../src/system_LPC17xx.c
Invoking: MCU C Compiler
arm-none-eabi-gcc -DDEBUG -D__CODE_RED -D__REDLIB__ -I"C:\Users\wamik\Documents\Notes Y2S2\CG2028\Labs and assignment\CG2028-assignment\Lib_CMSISv1p30_LPC17xx\inc" -O0 -g3 -Wall -c -fmessage-length=0 -fno-builtin -ffunction-sections -mcpu=cortex-m3 -mthumb -MMD -MP -MF"src/system_LPC17xx.d" -MT"src/system_LPC17xx.d" -o "src/system_LPC17xx.o" "../src/system_LPC17xx.c"
Finished building: ../src/system_LPC17xx.c
 
Building target: libCMSISv1p30_LPC17xx.a
Invoking: MCU Archiver
arm-none-eabi-ar -r  "libCMSISv1p30_LPC17xx.a"  ./src/core_cm3.o ./src/system_LPC17xx.o   
c:\nxp\LPCXpresso_6.1.4_194\lpcxpresso\tools\bin\arm-none-eabi-ar.exe: creating libCMSISv1p30_LPC17xx.a
Finished building target: libCMSISv1p30_LPC17xx.a
 
make --no-print-directory post-build
Performing post-build steps
arm-none-eabi-size libCMSISv1p30_LPC17xx.a ; # arm-none-eabi-objdump -h -S libCMSISv1p30_LPC17xx.a >libCMSISv1p30_LPC17xx.lss
   text	   data	    bss	    dec	    hex	filename
    652	      0	      0	    652	    28c	core_cm3.o (ex libCMSISv1p30_LPC17xx.a)
   1276	      4	      0	   1280	    500	system_LPC17xx.o (ex libCMSISv1p30_LPC17xx.a)
 
12:03:32 **** Clean-only build of configuration Debug for project CG2028AssignS2AY2021 ****
make clean 
rm -rf  ./src/cr_startup_lpc17.o ./src/iir.o ./src/main.o  ./src/cr_startup_lpc17.d ./src/main.d  CG2028AssignS2AY2021.axf
 
12:03:34 **** Build of configuration Debug for project CG2028AssignS2AY2021 ****
make all 
Building file: ../src/cr_startup_lpc17.c
Invoking: MCU C Compiler
arm-none-eabi-gcc -DDEBUG -D__CODE_RED -D__REDLIB__ -D__USE_CMSIS=CMSISv1p30_LPC17xx -I"C:\Users\wamik\Documents\Notes Y2S2\CG2028\Labs and assignment\CG2028-assignment\Lib_CMSISv1p30_LPC17xx\inc" -O0 -g3 -Wall -c -fmessage-length=0 -fno-builtin -ffunction-sections -Wa,-ahlnds=cr_startup_lpc17.asm -mcpu=cortex-m3 -mthumb -MMD -MP -MF"src/cr_startup_lpc17.d" -MT"src/cr_startup_lpc17.d" -o"src/cr_startup_lpc17.o" "../src/cr_startup_lpc17.c"
Finished building: ../src/cr_startup_lpc17.c
 
Building file: ../src/iir.s
Invoking: MCU Assembler
arm-none-eabi-gcc -c -x assembler-with-cpp -DDEBUG -D__CODE_RED -D__REDLIB__ -g3 -mcpu=cortex-m3 -mthumb -o"src/iir.o" "../src/iir.s"
Finished building: ../src/iir.s
 
Building file: ../src/main.c
Invoking: MCU C Compiler
arm-none-eabi-gcc -DDEBUG -D__CODE_RED -D__REDLIB__ -D__USE_CMSIS=CMSISv1p30_LPC17xx -I"C:\Users\wamik\Documents\Notes Y2S2\CG2028\Labs and assignment\CG2028-assignment\Lib_CMSISv1p30_LPC17xx\inc" -O0 -g3 -Wall -c -fmessage-length=0 -fno-builtin -ffunction-sections -Wa,-ahlnds=main.asm -mcpu=cortex-m3 -mthumb -MMD -MP -MF"src/main.d" -MT"src/main.d" -o"src/main.o" "../src/main.c"
Finished building: ../src/main.c
 
Building target: CG2028AssignS2AY2021.axf
Invoking: MCU Linker
arm-none-eabi-gcc -nostdlib -L"C:\Users\wamik\Documents\Notes Y2S2\CG2028\Labs and assignment\CG2028-assignment\Lib_CMSISv1p30_LPC17xx\Debug" -Xlinker --gc-sections -Xlinker -Map=CG2028AssignS2AY2021.map -mcpu=cortex-m3 -mthumb -T "CG2028AssignS2AY2021_Debug.ld" -o"CG2028AssignS2AY2021.axf"  ./src/cr_startup_lpc17.o ./src/iir.o ./src/main.o   -lCMSISv1p30_LPC17xx
Finished building target: CG2028AssignS2AY2021.axf
 
make --no-print-directory post-build
Performing post-build steps
arm-none-eabi-size CG2028AssignS2AY2021.axf; # arm-none-eabi-objcopy -O ihex CG2028AssignS2AY2021.axf CG2028AssignS2AY2021.hex ;
   text	   data	    bss	    dec	    hex	filename
  12472	      0	    416	  12888	   3258	CG2028AssignS2AY2021.axf
 
12:04:20 **** Clean-only build of configuration Debug for project Lib_CMSISv1p30_LPC17xx ****
make clean 
rm -rf  ./src/core_cm3.o ./src/system_LPC17xx.o  ./src/core_cm3.d ./src/system_LPC17xx.d  libCMSISv1p30_LPC17xx.a
 
12:04:21 **** Clean-only build of configuration Debug for project CG2028AssignS2AY2021 ****
make clean 
rm -rf  ./src/cr_startup_lpc17.o ./src/iir.o ./src/main.o  ./src/cr_startup_lpc17.d ./src/main.d  CG2028AssignS2AY2021.axf
rm: cannot unlink `CG2028AssignS2AY2021.axf': Permission denied
make: [clean] Error 1 (ignored)
 
12:04:24 **** Build of configuration Debug for project Lib_CMSISv1p30_LPC17xx ****
make all 
Building file: ../src/core_cm3.c
Invoking: MCU C Compiler
arm-none-eabi-gcc -DDEBUG -D__CODE_RED -D__REDLIB__ -I"C:\Users\wamik\Documents\Notes Y2S2\CG2028\Labs and assignment\CG2028-assignment\Lib_CMSISv1p30_LPC17xx\inc" -O0 -g3 -Wall -c -fmessage-length=0 -fno-builtin -ffunction-sections -mcpu=cortex-m3 -mthumb -MMD -MP -MF"src/core_cm3.d" -MT"src/core_cm3.d" -o "src/core_cm3.o" "../src/core_cm3.c"
Finished building: ../src/core_cm3.c
 
Building file: ../src/system_LPC17xx.c
Invoking: MCU C Compiler
arm-none-eabi-gcc -DDEBUG -D__CODE_RED -D__REDLIB__ -I"C:\Users\wamik\Documents\Notes Y2S2\CG2028\Labs and assignment\CG2028-assignment\Lib_CMSISv1p30_LPC17xx\inc" -O0 -g3 -Wall -c -fmessage-length=0 -fno-builtin -ffunction-sections -mcpu=cortex-m3 -mthumb -MMD -MP -MF"src/system_LPC17xx.d" -MT"src/system_LPC17xx.d" -o "src/system_LPC17xx.o" "../src/system_LPC17xx.c"
Finished building: ../src/system_LPC17xx.c
 
Building target: libCMSISv1p30_LPC17xx.a
Invoking: MCU Archiver
arm-none-eabi-ar -r  "libCMSISv1p30_LPC17xx.a"  ./src/core_cm3.o ./src/system_LPC17xx.o   
c:\nxp\LPCXpresso_6.1.4_194\lpcxpresso\tools\bin\arm-none-eabi-ar.exe: creating libCMSISv1p30_LPC17xx.a
Finished building target: libCMSISv1p30_LPC17xx.a
 
make --no-print-directory post-build
Performing post-build steps
arm-none-eabi-size libCMSISv1p30_LPC17xx.a ; # arm-none-eabi-objdump -h -S libCMSISv1p30_LPC17xx.a >libCMSISv1p30_LPC17xx.lss
   text	   data	    bss	    dec	    hex	filename
    652	      0	      0	    652	    28c	core_cm3.o (ex libCMSISv1p30_LPC17xx.a)
   1276	      4	      0	   1280	    500	system_LPC17xx.o (ex libCMSISv1p30_LPC17xx.a)
 
12:04:25 **** Clean-only build of configuration Debug for project CG2028AssignS2AY2021 ****
make clean 
rm -rf  ./src/cr_startup_lpc17.o ./src/iir.o ./src/main.o  ./src/cr_startup_lpc17.d ./src/main.d  CG2028AssignS2AY2021.axf
rm: cannot unlink `CG2028AssignS2AY2021.axf': Permission denied
make: [clean] Error 1 (ignored)
 
12:04:27 **** Build of configuration Debug for project CG2028AssignS2AY2021 ****
make all 
Building file: ../src/cr_startup_lpc17.c
Invoking: MCU C Compiler
arm-none-eabi-gcc -DDEBUG -D__CODE_RED -D__REDLIB__ -D__USE_CMSIS=CMSISv1p30_LPC17xx -I"C:\Users\wamik\Documents\Notes Y2S2\CG2028\Labs and assignment\CG2028-assignment\Lib_CMSISv1p30_LPC17xx\inc" -O0 -g3 -Wall -c -fmessage-length=0 -fno-builtin -ffunction-sections -Wa,-ahlnds=cr_startup_lpc17.asm -mcpu=cortex-m3 -mthumb -MMD -MP -MF"src/cr_startup_lpc17.d" -MT"src/cr_startup_lpc17.d" -o"src/cr_startup_lpc17.o" "../src/cr_startup_lpc17.c"
Finished building: ../src/cr_startup_lpc17.c
 
Building file: ../src/iir.s
Invoking: MCU Assembler
arm-none-eabi-gcc -c -x assembler-with-cpp -DDEBUG -D__CODE_RED -D__REDLIB__ -g3 -mcpu=cortex-m3 -mthumb -o"src/iir.o" "../src/iir.s"
../src/iir.s: Assembler messages:
../src/iir.s:34: Error: ARM register expected -- `mul R8,R6,[R1,#4]!'
../src/iir.s:35: Error: ARM register expected -- `mul R9,R7,[R2,#4]!'
../src/iir.s:39: Error: ARM register expected -- `mov [R6],#4'
../src/iir.s:40: Error: ARM register expected -- `mov [R7],#4'
make: *** [src/iir.o] Error 1
12:06:41 **** Incremental Build of configuration Debug for project Lib_CMSISv1p30_LPC17xx ****
make all 
make: Nothing to be done for `all'.
12:06:42 **** Clean-only build of configuration Debug for project CG2028AssignS2AY2021 ****
make clean 
rm -rf  ./src/cr_startup_lpc17.o ./src/iir.o ./src/main.o  ./src/cr_startup_lpc17.d ./src/main.d  CG2028AssignS2AY2021.axf
rm: cannot unlink `CG2028AssignS2AY2021.axf': Permission denied
make: [clean] Error 1 (ignored)
 
12:06:43 **** Incremental Build of configuration Debug for project CG2028AssignS2AY2021 ****
make all 
Building file: ../src/cr_startup_lpc17.c
Invoking: MCU C Compiler
arm-none-eabi-gcc -DDEBUG -D__CODE_RED -D__REDLIB__ -D__USE_CMSIS=CMSISv1p30_LPC17xx -I"C:\Users\wamik\Documents\Notes Y2S2\CG2028\Labs and assignment\CG2028-assignment\Lib_CMSISv1p30_LPC17xx\inc" -O0 -g3 -Wall -c -fmessage-length=0 -fno-builtin -ffunction-sections -Wa,-ahlnds=cr_startup_lpc17.asm -mcpu=cortex-m3 -mthumb -MMD -MP -MF"src/cr_startup_lpc17.d" -MT"src/cr_startup_lpc17.d" -o"src/cr_startup_lpc17.o" "../src/cr_startup_lpc17.c"
Finished building: ../src/cr_startup_lpc17.c
 
Building file: ../src/iir.s
Invoking: MCU Assembler
arm-none-eabi-gcc -c -x assembler-with-cpp -DDEBUG -D__CODE_RED -D__REDLIB__ -g3 -mcpu=cortex-m3 -mthumb -o"src/iir.o" "../src/iir.s"
Finished building: ../src/iir.s
 
Building file: ../src/main.c
Invoking: MCU C Compiler
arm-none-eabi-gcc -DDEBUG -D__CODE_RED -D__REDLIB__ -D__USE_CMSIS=CMSISv1p30_LPC17xx -I"C:\Users\wamik\Documents\Notes Y2S2\CG2028\Labs and assignment\CG2028-assignment\Lib_CMSISv1p30_LPC17xx\inc" -O0 -g3 -Wall -c -fmessage-length=0 -fno-builtin -ffunction-sections -Wa,-ahlnds=main.asm -mcpu=cortex-m3 -mthumb -MMD -MP -MF"src/main.d" -MT"src/main.d" -o"src/main.o" "../src/main.c"
Finished building: ../src/main.c
 
Building target: CG2028AssignS2AY2021.axf
Invoking: MCU Linker
arm-none-eabi-gcc -nostdlib -L"C:\Users\wamik\Documents\Notes Y2S2\CG2028\Labs and assignment\CG2028-assignment\Lib_CMSISv1p30_LPC17xx\Debug" -Xlinker --gc-sections -Xlinker -Map=CG2028AssignS2AY2021.map -mcpu=cortex-m3 -mthumb -T "CG2028AssignS2AY2021_Debug.ld" -o"CG2028AssignS2AY2021.axf"  ./src/cr_startup_lpc17.o ./src/iir.o ./src/main.o   -lCMSISv1p30_LPC17xx
Finished building target: CG2028AssignS2AY2021.axf
 
make --no-print-directory post-build
Performing post-build steps
arm-none-eabi-size CG2028AssignS2AY2021.axf; # arm-none-eabi-objcopy -O ihex CG2028AssignS2AY2021.axf CG2028AssignS2AY2021.hex ;
   text	   data	    bss	    dec	    hex	filename
  12536	      0	    416	  12952	   3298	CG2028AssignS2AY2021.axf
 
12:07:50 **** Incremental Build of configuration Debug for project CG2028AssignS2AY2021 ****
make all 
make: Nothing to be done for `all'.
12:08:21 **** Incremental Build of configuration Debug for project CG2028AssignS2AY2021 ****
make all 
make: Nothing to be done for `all'.
12:09:53 **** Incremental Build of configuration Debug for project CG2028AssignS2AY2021 ****
make all 
make: Nothing to be done for `all'.
12:09:55 **** Incremental Build of configuration Debug for project CG2028AssignS2AY2021 ****
make all 
make: Nothing to be done for `all'.
12:10:13 **** Incremental Build of configuration Debug for project Lib_CMSISv1p30_LPC17xx ****
make all 
make: Nothing to be done for `all'.
12:10:15 **** Incremental Build of configuration Debug for project CG2028AssignS2AY2021 ****
make all 
make: Nothing to be done for `all'.
12:11:17 **** Incremental Build of configuration Debug for project CG2028AssignS2AY2021 ****
make all 
make: Nothing to be done for `all'.
12:11:41 **** Incremental Build of configuration Debug for project Lib_CMSISv1p30_LPC17xx ****
make all 
Building file: ../src/core_cm3.c
Invoking: MCU C Compiler
arm-none-eabi-gcc -DDEBUG -D__CODE_RED -D__REDLIB__ -I"C:\Users\wamik\Documents\Notes Y2S2\CG2028\Labs and assignment\CG2028-assignment\Lib_CMSISv1p30_LPC17xx\inc" -O0 -g3 -Wall -c -fmessage-length=0 -fno-builtin -ffunction-sections -mcpu=cortex-m3 -mthumb -MMD -MP -MF"src/core_cm3.d" -MT"src/core_cm3.d" -o "src/core_cm3.o" "../src/core_cm3.c"
Finished building: ../src/core_cm3.c
 
Building file: ../src/system_LPC17xx.c
Invoking: MCU C Compiler
arm-none-eabi-gcc -DDEBUG -D__CODE_RED -D__REDLIB__ -I"C:\Users\wamik\Documents\Notes Y2S2\CG2028\Labs and assignment\CG2028-assignment\Lib_CMSISv1p30_LPC17xx\inc" -O0 -g3 -Wall -c -fmessage-length=0 -fno-builtin -ffunction-sections -mcpu=cortex-m3 -mthumb -MMD -MP -MF"src/system_LPC17xx.d" -MT"src/system_LPC17xx.d" -o "src/system_LPC17xx.o" "../src/system_LPC17xx.c"
Finished building: ../src/system_LPC17xx.c
 
Building target: libCMSISv1p30_LPC17xx.a
Invoking: MCU Archiver
arm-none-eabi-ar -r  "libCMSISv1p30_LPC17xx.a"  ./src/core_cm3.o ./src/system_LPC17xx.o   
c:\nxp\LPCXpresso_6.1.4_194\lpcxpresso\tools\bin\arm-none-eabi-ar.exe: creating libCMSISv1p30_LPC17xx.a
Finished building target: libCMSISv1p30_LPC17xx.a
 
make --no-print-directory post-build
Performing post-build steps
arm-none-eabi-size libCMSISv1p30_LPC17xx.a ; # arm-none-eabi-objdump -h -S libCMSISv1p30_LPC17xx.a >libCMSISv1p30_LPC17xx.lss
   text	   data	    bss	    dec	    hex	filename
    652	      0	      0	    652	    28c	core_cm3.o (ex libCMSISv1p30_LPC17xx.a)
   1276	      4	      0	   1280	    500	system_LPC17xx.o (ex libCMSISv1p30_LPC17xx.a)
 
12:11:42 **** Incremental Build of configuration Debug for project Lib_CMSISv1p30_LPC17xx ****
make all 
make: Nothing to be done for `all'.
12:11:44 **** Incremental Build of configuration Debug for project CG2028AssignS2AY2021 ****
make all 
Building target: CG2028AssignS2AY2021.axf
Invoking: MCU Linker
arm-none-eabi-gcc -nostdlib -L"C:\Users\wamik\Documents\Notes Y2S2\CG2028\Labs and assignment\CG2028-assignment\Lib_CMSISv1p30_LPC17xx\Debug" -Xlinker --gc-sections -Xlinker -Map=CG2028AssignS2AY2021.map -mcpu=cortex-m3 -mthumb -T "CG2028AssignS2AY2021_Debug.ld" -o"CG2028AssignS2AY2021.axf"  ./src/cr_startup_lpc17.o ./src/iir.o ./src/main.o   -lCMSISv1p30_LPC17xx
Finished building target: CG2028AssignS2AY2021.axf
 
make --no-print-directory post-build
Performing post-build steps
arm-none-eabi-size CG2028AssignS2AY2021.axf; # arm-none-eabi-objcopy -O ihex CG2028AssignS2AY2021.axf CG2028AssignS2AY2021.hex ;
   text	   data	    bss	    dec	    hex	filename
  12536	      0	    416	  12952	   3298	CG2028AssignS2AY2021.axf
 
12:11:47 **** Incremental Build of configuration Debug for project CG2028AssignS2AY2021 ****
make all 
make: Nothing to be done for `all'.
12:11:47 **** Incremental Build of configuration Debug for project Lib_CMSISv1p30_LPC17xx ****
make all 
make: Nothing to be done for `all'.
12:11:49 **** Incremental Build of configuration Debug for project CG2028AssignS2AY2021 ****
make all 
make: Nothing to be done for `all'.
12:14:42 **** Incremental Build of configuration Debug for project Lib_CMSISv1p30_LPC17xx ****
make all 
make: Nothing to be done for `all'.
12:14:44 **** Incremental Build of configuration Debug for project CG2028AssignS2AY2021 ****
make all 
Building file: ../src/iir.s
Invoking: MCU Assembler
arm-none-eabi-gcc -c -x assembler-with-cpp -DDEBUG -D__CODE_RED -D__REDLIB__ -g3 -mcpu=cortex-m3 -mthumb -o"src/iir.o" "../src/iir.s"
Finished building: ../src/iir.s
 
Building target: CG2028AssignS2AY2021.axf
Invoking: MCU Linker
arm-none-eabi-gcc -nostdlib -L"C:\Users\wamik\Documents\Notes Y2S2\CG2028\Labs and assignment\CG2028-assignment\Lib_CMSISv1p30_LPC17xx\Debug" -Xlinker --gc-sections -Xlinker -Map=CG2028AssignS2AY2021.map -mcpu=cortex-m3 -mthumb -T "CG2028AssignS2AY2021_Debug.ld" -o"CG2028AssignS2AY2021.axf"  ./src/cr_startup_lpc17.o ./src/iir.o ./src/main.o   -lCMSISv1p30_LPC17xx
Finished building target: CG2028AssignS2AY2021.axf
 
make --no-print-directory post-build
Performing post-build steps
arm-none-eabi-size CG2028AssignS2AY2021.axf; # arm-none-eabi-objcopy -O ihex CG2028AssignS2AY2021.axf CG2028AssignS2AY2021.hex ;
   text	   data	    bss	    dec	    hex	filename
  12496	      0	    416	  12912	   3270	CG2028AssignS2AY2021.axf
 
12:22:33 **** Incremental Build of configuration Debug for project Lib_CMSISv1p30_LPC17xx ****
make all 
make: Nothing to be done for `all'.
12:22:35 **** Incremental Build of configuration Debug for project CG2028AssignS2AY2021 ****
make all 
Building file: ../src/iir.s
Invoking: MCU Assembler
arm-none-eabi-gcc -c -x assembler-with-cpp -DDEBUG -D__CODE_RED -D__REDLIB__ -g3 -mcpu=cortex-m3 -mthumb -o"src/iir.o" "../src/iir.s"
Finished building: ../src/iir.s
 
Building target: CG2028AssignS2AY2021.axf
Invoking: MCU Linker
arm-none-eabi-gcc -nostdlib -L"C:\Users\wamik\Documents\Notes Y2S2\CG2028\Labs and assignment\CG2028-assignment\Lib_CMSISv1p30_LPC17xx\Debug" -Xlinker --gc-sections -Xlinker -Map=CG2028AssignS2AY2021.map -mcpu=cortex-m3 -mthumb -T "CG2028AssignS2AY2021_Debug.ld" -o"CG2028AssignS2AY2021.axf"  ./src/cr_startup_lpc17.o ./src/iir.o ./src/main.o   -lCMSISv1p30_LPC17xx
Finished building target: CG2028AssignS2AY2021.axf
 
make --no-print-directory post-build
Performing post-build steps
arm-none-eabi-size CG2028AssignS2AY2021.axf; # arm-none-eabi-objcopy -O ihex CG2028AssignS2AY2021.axf CG2028AssignS2AY2021.hex ;
   text	   data	    bss	    dec	    hex	filename
  12504	      0	    416	  12920	   3278	CG2028AssignS2AY2021.axf
 
12:25:44 **** Incremental Build of configuration Debug for project Lib_CMSISv1p30_LPC17xx ****
make all 
make: Nothing to be done for `all'.
12:25:46 **** Incremental Build of configuration Debug for project CG2028AssignS2AY2021 ****
make all 
Building file: ../src/iir.s
Invoking: MCU Assembler
arm-none-eabi-gcc -c -x assembler-with-cpp -DDEBUG -D__CODE_RED -D__REDLIB__ -g3 -mcpu=cortex-m3 -mthumb -o"src/iir.o" "../src/iir.s"
../src/iir.s: Assembler messages:
../src/iir.s:39: Error: ARM register expected -- `mul R8,R6,[R1]'
../src/iir.s:40: Error: ARM register expected -- `mul R9,R7,[R2]'
make: *** [src/iir.o] Error 1
12:26:50 **** Incremental Build of configuration Debug for project Lib_CMSISv1p30_LPC17xx ****
make all 
make: Nothing to be done for `all'.
12:26:52 **** Incremental Build of configuration Debug for project CG2028AssignS2AY2021 ****
make all 
Building file: ../src/iir.s
Invoking: MCU Assembler
arm-none-eabi-gcc -c -x assembler-with-cpp -DDEBUG -D__CODE_RED -D__REDLIB__ -g3 -mcpu=cortex-m3 -mthumb -o"src/iir.o" "../src/iir.s"
Finished building: ../src/iir.s
 
Building target: CG2028AssignS2AY2021.axf
Invoking: MCU Linker
arm-none-eabi-gcc -nostdlib -L"C:\Users\wamik\Documents\Notes Y2S2\CG2028\Labs and assignment\CG2028-assignment\Lib_CMSISv1p30_LPC17xx\Debug" -Xlinker --gc-sections -Xlinker -Map=CG2028AssignS2AY2021.map -mcpu=cortex-m3 -mthumb -T "CG2028AssignS2AY2021_Debug.ld" -o"CG2028AssignS2AY2021.axf"  ./src/cr_startup_lpc17.o ./src/iir.o ./src/main.o   -lCMSISv1p30_LPC17xx
Finished building target: CG2028AssignS2AY2021.axf
 
make --no-print-directory post-build
Performing post-build steps
arm-none-eabi-size CG2028AssignS2AY2021.axf; # arm-none-eabi-objcopy -O ihex CG2028AssignS2AY2021.axf CG2028AssignS2AY2021.hex ;
   text	   data	    bss	    dec	    hex	filename
  12544	      0	    416	  12960	   32a0	CG2028AssignS2AY2021.axf
 
12:30:30 **** Incremental Build of configuration Debug for project CG2028AssignS2AY2021 ****
make all 
make: Nothing to be done for `all'.
12:32:45 **** Incremental Build of configuration Debug for project Lib_CMSISv1p30_LPC17xx ****
make all 
make: Nothing to be done for `all'.
12:32:47 **** Incremental Build of configuration Debug for project CG2028AssignS2AY2021 ****
make all 
Building file: ../src/iir.s
Invoking: MCU Assembler
arm-none-eabi-gcc -c -x assembler-with-cpp -DDEBUG -D__CODE_RED -D__REDLIB__ -g3 -mcpu=cortex-m3 -mthumb -o"src/iir.o" "../src/iir.s"
Finished building: ../src/iir.s
 
Building target: CG2028AssignS2AY2021.axf
Invoking: MCU Linker
arm-none-eabi-gcc -nostdlib -L"C:\Users\wamik\Documents\Notes Y2S2\CG2028\Labs and assignment\CG2028-assignment\Lib_CMSISv1p30_LPC17xx\Debug" -Xlinker --gc-sections -Xlinker -Map=CG2028AssignS2AY2021.map -mcpu=cortex-m3 -mthumb -T "CG2028AssignS2AY2021_Debug.ld" -o"CG2028AssignS2AY2021.axf"  ./src/cr_startup_lpc17.o ./src/iir.o ./src/main.o   -lCMSISv1p30_LPC17xx
Finished building target: CG2028AssignS2AY2021.axf
 
make --no-print-directory post-build
Performing post-build steps
arm-none-eabi-size CG2028AssignS2AY2021.axf; # arm-none-eabi-objcopy -O ihex CG2028AssignS2AY2021.axf CG2028AssignS2AY2021.hex ;
   text	   data	    bss	    dec	    hex	filename
  12552	      0	    416	  12968	   32a8	CG2028AssignS2AY2021.axf
 
12:33:30 **** Incremental Build of configuration Debug for project Lib_CMSISv1p30_LPC17xx ****
make all 
make: Nothing to be done for `all'.
12:33:32 **** Incremental Build of configuration Debug for project CG2028AssignS2AY2021 ****
make all 
make: Nothing to be done for `all'.
12:35:46 **** Incremental Build of configuration Debug for project Lib_CMSISv1p30_LPC17xx ****
make all 
make: Nothing to be done for `all'.
12:35:48 **** Incremental Build of configuration Debug for project CG2028AssignS2AY2021 ****
make all 
Building file: ../src/iir.s
Invoking: MCU Assembler
arm-none-eabi-gcc -c -x assembler-with-cpp -DDEBUG -D__CODE_RED -D__REDLIB__ -g3 -mcpu=cortex-m3 -mthumb -o"src/iir.o" "../src/iir.s"
Finished building: ../src/iir.s
 
Building target: CG2028AssignS2AY2021.axf
Invoking: MCU Linker
arm-none-eabi-gcc -nostdlib -L"C:\Users\wamik\Documents\Notes Y2S2\CG2028\Labs and assignment\CG2028-assignment\Lib_CMSISv1p30_LPC17xx\Debug" -Xlinker --gc-sections -Xlinker -Map=CG2028AssignS2AY2021.map -mcpu=cortex-m3 -mthumb -T "CG2028AssignS2AY2021_Debug.ld" -o"CG2028AssignS2AY2021.axf"  ./src/cr_startup_lpc17.o ./src/iir.o ./src/main.o   -lCMSISv1p30_LPC17xx
Finished building target: CG2028AssignS2AY2021.axf
 
make --no-print-directory post-build
Performing post-build steps
arm-none-eabi-size CG2028AssignS2AY2021.axf; # arm-none-eabi-objcopy -O ihex CG2028AssignS2AY2021.axf CG2028AssignS2AY2021.hex ;
   text	   data	    bss	    dec	    hex	filename
  12560	      0	    416	  12976	   32b0	CG2028AssignS2AY2021.axf
 
12:36:21 **** Incremental Build of configuration Debug for project Lib_CMSISv1p30_LPC17xx ****
make all 
make: Nothing to be done for `all'.
12:36:23 **** Incremental Build of configuration Debug for project CG2028AssignS2AY2021 ****
make all 
make: Nothing to be done for `all'.
12:41:28 **** Incremental Build of configuration Debug for project CG2028AssignS2AY2021 ****
make all 
make: Nothing to be done for `all'.
12:47:33 **** Incremental Build of configuration Debug for project Lib_CMSISv1p30_LPC17xx ****
make all 
make: Nothing to be done for `all'.
12:47:34 **** Incremental Build of configuration Debug for project CG2028AssignS2AY2021 ****
make all 
make: Nothing to be done for `all'.
12:48:12 **** Incremental Build of configuration Debug for project Lib_CMSISv1p30_LPC17xx ****
make all 
make: Nothing to be done for `all'.
12:48:14 **** Incremental Build of configuration Debug for project CG2028AssignS2AY2021 ****
make all 
Building file: ../src/iir.s
Invoking: MCU Assembler
arm-none-eabi-gcc -c -x assembler-with-cpp -DDEBUG -D__CODE_RED -D__REDLIB__ -g3 -mcpu=cortex-m3 -mthumb -o"src/iir.o" "../src/iir.s"
Finished building: ../src/iir.s
 
Building target: CG2028AssignS2AY2021.axf
Invoking: MCU Linker
arm-none-eabi-gcc -nostdlib -L"C:\Users\wamik\Documents\Notes Y2S2\CG2028\Labs and assignment\CG2028-assignment\Lib_CMSISv1p30_LPC17xx\Debug" -Xlinker --gc-sections -Xlinker -Map=CG2028AssignS2AY2021.map -mcpu=cortex-m3 -mthumb -T "CG2028AssignS2AY2021_Debug.ld" -o"CG2028AssignS2AY2021.axf"  ./src/cr_startup_lpc17.o ./src/iir.o ./src/main.o   -lCMSISv1p30_LPC17xx
Finished building target: CG2028AssignS2AY2021.axf
 
make --no-print-directory post-build
Performing post-build steps
arm-none-eabi-size CG2028AssignS2AY2021.axf; # arm-none-eabi-objcopy -O ihex CG2028AssignS2AY2021.axf CG2028AssignS2AY2021.hex ;
   text	   data	    bss	    dec	    hex	filename
  12512	      0	    416	  12928	   3280	CG2028AssignS2AY2021.axf
 
12:52:34 **** Incremental Build of configuration Debug for project CG2028AssignS2AY2021 ****
make all 
Building file: ../src/iir.s
Invoking: MCU Assembler
arm-none-eabi-gcc -c -x assembler-with-cpp -DDEBUG -D__CODE_RED -D__REDLIB__ -g3 -mcpu=cortex-m3 -mthumb -o"src/iir.o" "../src/iir.s"
Finished building: ../src/iir.s
 
Building target: CG2028AssignS2AY2021.axf
Invoking: MCU Linker
arm-none-eabi-gcc -nostdlib -L"C:\Users\wamik\Documents\Notes Y2S2\CG2028\Labs and assignment\CG2028-assignment\Lib_CMSISv1p30_LPC17xx\Debug" -Xlinker --gc-sections -Xlinker -Map=CG2028AssignS2AY2021.map -mcpu=cortex-m3 -mthumb -T "CG2028AssignS2AY2021_Debug.ld" -o"CG2028AssignS2AY2021.axf"  ./src/cr_startup_lpc17.o ./src/iir.o ./src/main.o   -lCMSISv1p30_LPC17xx
Finished building target: CG2028AssignS2AY2021.axf
 
make --no-print-directory post-build
Performing post-build steps
arm-none-eabi-size CG2028AssignS2AY2021.axf; # arm-none-eabi-objcopy -O ihex CG2028AssignS2AY2021.axf CG2028AssignS2AY2021.hex ;
   text	   data	    bss	    dec	    hex	filename
  12496	      0	    416	  12912	   3270	CG2028AssignS2AY2021.axf
 
12:53:46 **** Incremental Build of configuration Debug for project Lib_CMSISv1p30_LPC17xx ****
make all 
make: Nothing to be done for `all'.
12:53:47 **** Incremental Build of configuration Debug for project CG2028AssignS2AY2021 ****
make all 
Building file: ../src/iir.s
Invoking: MCU Assembler
arm-none-eabi-gcc -c -x assembler-with-cpp -DDEBUG -D__CODE_RED -D__REDLIB__ -g3 -mcpu=cortex-m3 -mthumb -o"src/iir.o" "../src/iir.s"
../src/iir.s: Assembler messages:
../src/iir.s:36: Error: cannot represent T32_OFFSET_IMM relocation in this object file format
make: *** [src/iir.o] Error 1
13:45:06 **** Incremental Build of configuration Debug for project Lib_CMSISv1p30_LPC17xx ****
make all 
make: Nothing to be done for `all'.
13:45:08 **** Incremental Build of configuration Debug for project CG2028AssignS2AY2021 ****
make all 
Building file: ../src/iir.s
Invoking: MCU Assembler
arm-none-eabi-gcc -c -x assembler-with-cpp -DDEBUG -D__CODE_RED -D__REDLIB__ -g3 -mcpu=cortex-m3 -mthumb -o"src/iir.o" "../src/iir.s"
../src/iir.s: Assembler messages:
../src/iir.s:28: Error: bad instruction `smul R4,R3,R4'
make: *** [src/iir.o] Error 1
13:45:36 **** Incremental Build of configuration Debug for project Lib_CMSISv1p30_LPC17xx ****
make all 
make: Nothing to be done for `all'.
13:45:39 **** Incremental Build of configuration Debug for project CG2028AssignS2AY2021 ****
make all 
Building file: ../src/iir.s
Invoking: MCU Assembler
arm-none-eabi-gcc -c -x assembler-with-cpp -DDEBUG -D__CODE_RED -D__REDLIB__ -g3 -mcpu=cortex-m3 -mthumb -o"src/iir.o" "../src/iir.s"
../src/iir.s: Assembler messages:
../src/iir.s:28: Error: bad instruction `imul R4,R3,R4'
make: *** [src/iir.o] Error 1
13:45:51 **** Incremental Build of configuration Debug for project Lib_CMSISv1p30_LPC17xx ****
make all 
make: Nothing to be done for `all'.
13:45:53 **** Incremental Build of configuration Debug for project CG2028AssignS2AY2021 ****
make all 
Building file: ../src/iir.s
Invoking: MCU Assembler
arm-none-eabi-gcc -c -x assembler-with-cpp -DDEBUG -D__CODE_RED -D__REDLIB__ -g3 -mcpu=cortex-m3 -mthumb -o"src/iir.o" "../src/iir.s"
../src/iir.s: Assembler messages:
../src/iir.s:36: Error: cannot represent T32_OFFSET_IMM relocation in this object file format
make: *** [src/iir.o] Error 1
13:48:26 **** Incremental Build of configuration Debug for project Lib_CMSISv1p30_LPC17xx ****
make all 
make: Nothing to be done for `all'.
13:48:28 **** Incremental Build of configuration Debug for project CG2028AssignS2AY2021 ****
make all 
Building file: ../src/iir.s
Invoking: MCU Assembler
arm-none-eabi-gcc -c -x assembler-with-cpp -DDEBUG -D__CODE_RED -D__REDLIB__ -g3 -mcpu=cortex-m3 -mthumb -o"src/iir.o" "../src/iir.s"
../src/iir.s: Assembler messages:
../src/iir.s:35: Error: cannot represent T32_OFFSET_IMM relocation in this object file format
../src/iir.s:37: Error: cannot represent T32_OFFSET_IMM relocation in this object file format
make: *** [src/iir.o] Error 1
13:48:46 **** Incremental Build of configuration Debug for project Lib_CMSISv1p30_LPC17xx ****
make all 
make: Nothing to be done for `all'.
13:48:48 **** Incremental Build of configuration Debug for project CG2028AssignS2AY2021 ****
make all 
Building file: ../src/iir.s
Invoking: MCU Assembler
arm-none-eabi-gcc -c -x assembler-with-cpp -DDEBUG -D__CODE_RED -D__REDLIB__ -g3 -mcpu=cortex-m3 -mthumb -o"src/iir.o" "../src/iir.s"
../src/iir.s: Assembler messages:
../src/iir.s:35: Error: cannot represent T32_OFFSET_IMM relocation in this object file format
../src/iir.s:37: Error: cannot represent T32_OFFSET_IMM relocation in this object file format
make: *** [src/iir.o] Error 1
13:49:30 **** Incremental Build of configuration Debug for project Lib_CMSISv1p30_LPC17xx ****
make all 
make: Nothing to be done for `all'.
13:49:32 **** Incremental Build of configuration Debug for project CG2028AssignS2AY2021 ****
make all 
Building file: ../src/iir.s
Invoking: MCU Assembler
arm-none-eabi-gcc -c -x assembler-with-cpp -DDEBUG -D__CODE_RED -D__REDLIB__ -g3 -mcpu=cortex-m3 -mthumb -o"src/iir.o" "../src/iir.s"
../src/iir.s: Assembler messages:
../src/iir.s:28: Error: bad instruction `smul R4,R3,R4'
make: *** [src/iir.o] Error 1
13:49:44 **** Incremental Build of configuration Debug for project Lib_CMSISv1p30_LPC17xx ****
make all 
make: Nothing to be done for `all'.
13:49:46 **** Incremental Build of configuration Debug for project CG2028AssignS2AY2021 ****
make all 
Building file: ../src/iir.s
Invoking: MCU Assembler
arm-none-eabi-gcc -c -x assembler-with-cpp -DDEBUG -D__CODE_RED -D__REDLIB__ -g3 -mcpu=cortex-m3 -mthumb -o"src/iir.o" "../src/iir.s"
Finished building: ../src/iir.s
 
Building target: CG2028AssignS2AY2021.axf
Invoking: MCU Linker
arm-none-eabi-gcc -nostdlib -L"C:\Users\wamik\Documents\Notes Y2S2\CG2028\Labs and assignment\CG2028-assignment\Lib_CMSISv1p30_LPC17xx\Debug" -Xlinker --gc-sections -Xlinker -Map=CG2028AssignS2AY2021.map -mcpu=cortex-m3 -mthumb -T "CG2028AssignS2AY2021_Debug.ld" -o"CG2028AssignS2AY2021.axf"  ./src/cr_startup_lpc17.o ./src/iir.o ./src/main.o   -lCMSISv1p30_LPC17xx
Finished building target: CG2028AssignS2AY2021.axf
 
make --no-print-directory post-build
Performing post-build steps
arm-none-eabi-size CG2028AssignS2AY2021.axf; # arm-none-eabi-objcopy -O ihex CG2028AssignS2AY2021.axf CG2028AssignS2AY2021.hex ;
   text	   data	    bss	    dec	    hex	filename
  12496	      0	    416	  12912	   3270	CG2028AssignS2AY2021.axf
 
13:51:01 **** Incremental Build of configuration Debug for project Lib_CMSISv1p30_LPC17xx ****
make all 
make: Nothing to be done for `all'.
13:51:03 **** Incremental Build of configuration Debug for project CG2028AssignS2AY2021 ****
make all 
Building file: ../src/iir.s
Invoking: MCU Assembler
arm-none-eabi-gcc -c -x assembler-with-cpp -DDEBUG -D__CODE_RED -D__REDLIB__ -g3 -mcpu=cortex-m3 -mthumb -o"src/iir.o" "../src/iir.s"
Finished building: ../src/iir.s
 
Building target: CG2028AssignS2AY2021.axf
Invoking: MCU Linker
arm-none-eabi-gcc -nostdlib -L"C:\Users\wamik\Documents\Notes Y2S2\CG2028\Labs and assignment\CG2028-assignment\Lib_CMSISv1p30_LPC17xx\Debug" -Xlinker --gc-sections -Xlinker -Map=CG2028AssignS2AY2021.map -mcpu=cortex-m3 -mthumb -T "CG2028AssignS2AY2021_Debug.ld" -o"CG2028AssignS2AY2021.axf"  ./src/cr_startup_lpc17.o ./src/iir.o ./src/main.o   -lCMSISv1p30_LPC17xx
Finished building target: CG2028AssignS2AY2021.axf
 
make --no-print-directory post-build
Performing post-build steps
arm-none-eabi-size CG2028AssignS2AY2021.axf; # arm-none-eabi-objcopy -O ihex CG2028AssignS2AY2021.axf CG2028AssignS2AY2021.hex ;
   text	   data	    bss	    dec	    hex	filename
  12496	      0	    416	  12912	   3270	CG2028AssignS2AY2021.axf
 
13:51:46 **** Incremental Build of configuration Debug for project Lib_CMSISv1p30_LPC17xx ****
make all 
make: Nothing to be done for `all'.
13:51:48 **** Incremental Build of configuration Debug for project CG2028AssignS2AY2021 ****
make all 
Building file: ../src/iir.s
Invoking: MCU Assembler
arm-none-eabi-gcc -c -x assembler-with-cpp -DDEBUG -D__CODE_RED -D__REDLIB__ -g3 -mcpu=cortex-m3 -mthumb -o"src/iir.o" "../src/iir.s"
Finished building: ../src/iir.s
 
Building target: CG2028AssignS2AY2021.axf
Invoking: MCU Linker
arm-none-eabi-gcc -nostdlib -L"C:\Users\wamik\Documents\Notes Y2S2\CG2028\Labs and assignment\CG2028-assignment\Lib_CMSISv1p30_LPC17xx\Debug" -Xlinker --gc-sections -Xlinker -Map=CG2028AssignS2AY2021.map -mcpu=cortex-m3 -mthumb -T "CG2028AssignS2AY2021_Debug.ld" -o"CG2028AssignS2AY2021.axf"  ./src/cr_startup_lpc17.o ./src/iir.o ./src/main.o   -lCMSISv1p30_LPC17xx
Finished building target: CG2028AssignS2AY2021.axf
 
make --no-print-directory post-build
Performing post-build steps
arm-none-eabi-size CG2028AssignS2AY2021.axf; # arm-none-eabi-objcopy -O ihex CG2028AssignS2AY2021.axf CG2028AssignS2AY2021.hex ;
   text	   data	    bss	    dec	    hex	filename
  12504	      0	    416	  12920	   3278	CG2028AssignS2AY2021.axf
 
13:52:53 **** Incremental Build of configuration Debug for project Lib_CMSISv1p30_LPC17xx ****
make all 
make: Nothing to be done for `all'.
13:52:55 **** Incremental Build of configuration Debug for project CG2028AssignS2AY2021 ****
make all 
Building file: ../src/iir.s
Invoking: MCU Assembler
arm-none-eabi-gcc -c -x assembler-with-cpp -DDEBUG -D__CODE_RED -D__REDLIB__ -g3 -mcpu=cortex-m3 -mthumb -o"src/iir.o" "../src/iir.s"
Finished building: ../src/iir.s
 
Building target: CG2028AssignS2AY2021.axf
Invoking: MCU Linker
arm-none-eabi-gcc -nostdlib -L"C:\Users\wamik\Documents\Notes Y2S2\CG2028\Labs and assignment\CG2028-assignment\Lib_CMSISv1p30_LPC17xx\Debug" -Xlinker --gc-sections -Xlinker -Map=CG2028AssignS2AY2021.map -mcpu=cortex-m3 -mthumb -T "CG2028AssignS2AY2021_Debug.ld" -o"CG2028AssignS2AY2021.axf"  ./src/cr_startup_lpc17.o ./src/iir.o ./src/main.o   -lCMSISv1p30_LPC17xx
Finished building target: CG2028AssignS2AY2021.axf
 
make --no-print-directory post-build
Performing post-build steps
arm-none-eabi-size CG2028AssignS2AY2021.axf; # arm-none-eabi-objcopy -O ihex CG2028AssignS2AY2021.axf CG2028AssignS2AY2021.hex ;
   text	   data	    bss	    dec	    hex	filename
  12504	      0	    416	  12920	   3278	CG2028AssignS2AY2021.axf
 
13:53:46 **** Incremental Build of configuration Debug for project Lib_CMSISv1p30_LPC17xx ****
make all 
make: Nothing to be done for `all'.
13:53:48 **** Incremental Build of configuration Debug for project CG2028AssignS2AY2021 ****
make all 
Building file: ../src/iir.s
Invoking: MCU Assembler
arm-none-eabi-gcc -c -x assembler-with-cpp -DDEBUG -D__CODE_RED -D__REDLIB__ -g3 -mcpu=cortex-m3 -mthumb -o"src/iir.o" "../src/iir.s"
Finished building: ../src/iir.s
 
Building target: CG2028AssignS2AY2021.axf
Invoking: MCU Linker
arm-none-eabi-gcc -nostdlib -L"C:\Users\wamik\Documents\Notes Y2S2\CG2028\Labs and assignment\CG2028-assignment\Lib_CMSISv1p30_LPC17xx\Debug" -Xlinker --gc-sections -Xlinker -Map=CG2028AssignS2AY2021.map -mcpu=cortex-m3 -mthumb -T "CG2028AssignS2AY2021_Debug.ld" -o"CG2028AssignS2AY2021.axf"  ./src/cr_startup_lpc17.o ./src/iir.o ./src/main.o   -lCMSISv1p30_LPC17xx
Finished building target: CG2028AssignS2AY2021.axf
 
make --no-print-directory post-build
Performing post-build steps
arm-none-eabi-size CG2028AssignS2AY2021.axf; # arm-none-eabi-objcopy -O ihex CG2028AssignS2AY2021.axf CG2028AssignS2AY2021.hex ;
   text	   data	    bss	    dec	    hex	filename
  12488	      0	    416	  12904	   3268	CG2028AssignS2AY2021.axf
 
13:56:05 **** Incremental Build of configuration Debug for project Lib_CMSISv1p30_LPC17xx ****
make all 
make: Nothing to be done for `all'.
13:56:07 **** Incremental Build of configuration Debug for project CG2028AssignS2AY2021 ****
make all 
Building file: ../src/iir.s
Invoking: MCU Assembler
arm-none-eabi-gcc -c -x assembler-with-cpp -DDEBUG -D__CODE_RED -D__REDLIB__ -g3 -mcpu=cortex-m3 -mthumb -o"src/iir.o" "../src/iir.s"
Finished building: ../src/iir.s
 
Building target: CG2028AssignS2AY2021.axf
Invoking: MCU Linker
arm-none-eabi-gcc -nostdlib -L"C:\Users\wamik\Documents\Notes Y2S2\CG2028\Labs and assignment\CG2028-assignment\Lib_CMSISv1p30_LPC17xx\Debug" -Xlinker --gc-sections -Xlinker -Map=CG2028AssignS2AY2021.map -mcpu=cortex-m3 -mthumb -T "CG2028AssignS2AY2021_Debug.ld" -o"CG2028AssignS2AY2021.axf"  ./src/cr_startup_lpc17.o ./src/iir.o ./src/main.o   -lCMSISv1p30_LPC17xx
Finished building target: CG2028AssignS2AY2021.axf
 
make --no-print-directory post-build
Performing post-build steps
arm-none-eabi-size CG2028AssignS2AY2021.axf; # arm-none-eabi-objcopy -O ihex CG2028AssignS2AY2021.axf CG2028AssignS2AY2021.hex ;
   text	   data	    bss	    dec	    hex	filename
  12496	      0	    416	  12912	   3270	CG2028AssignS2AY2021.axf
 
13:56:57 **** Incremental Build of configuration Debug for project Lib_CMSISv1p30_LPC17xx ****
make all 
make: Nothing to be done for `all'.
13:56:58 **** Incremental Build of configuration Debug for project CG2028AssignS2AY2021 ****
make all 
Building file: ../src/iir.s
Invoking: MCU Assembler
arm-none-eabi-gcc -c -x assembler-with-cpp -DDEBUG -D__CODE_RED -D__REDLIB__ -g3 -mcpu=cortex-m3 -mthumb -o"src/iir.o" "../src/iir.s"
Finished building: ../src/iir.s
 
Building target: CG2028AssignS2AY2021.axf
Invoking: MCU Linker
arm-none-eabi-gcc -nostdlib -L"C:\Users\wamik\Documents\Notes Y2S2\CG2028\Labs and assignment\CG2028-assignment\Lib_CMSISv1p30_LPC17xx\Debug" -Xlinker --gc-sections -Xlinker -Map=CG2028AssignS2AY2021.map -mcpu=cortex-m3 -mthumb -T "CG2028AssignS2AY2021_Debug.ld" -o"CG2028AssignS2AY2021.axf"  ./src/cr_startup_lpc17.o ./src/iir.o ./src/main.o   -lCMSISv1p30_LPC17xx
Finished building target: CG2028AssignS2AY2021.axf
 
make --no-print-directory post-build
Performing post-build steps
arm-none-eabi-size CG2028AssignS2AY2021.axf; # arm-none-eabi-objcopy -O ihex CG2028AssignS2AY2021.axf CG2028AssignS2AY2021.hex ;
   text	   data	    bss	    dec	    hex	filename
  12496	      0	    416	  12912	   3270	CG2028AssignS2AY2021.axf
 
14:06:13 **** Incremental Build of configuration Debug for project Lib_CMSISv1p30_LPC17xx ****
make all 
make: Nothing to be done for `all'.
14:06:15 **** Incremental Build of configuration Debug for project CG2028AssignS2AY2021 ****
make all 
Building file: ../src/iir.s
Invoking: MCU Assembler
arm-none-eabi-gcc -c -x assembler-with-cpp -DDEBUG -D__CODE_RED -D__REDLIB__ -g3 -mcpu=cortex-m3 -mthumb -o"src/iir.o" "../src/iir.s"
Finished building: ../src/iir.s
 
Building target: CG2028AssignS2AY2021.axf
Invoking: MCU Linker
arm-none-eabi-gcc -nostdlib -L"C:\Users\wamik\Documents\Notes Y2S2\CG2028\Labs and assignment\CG2028-assignment\Lib_CMSISv1p30_LPC17xx\Debug" -Xlinker --gc-sections -Xlinker -Map=CG2028AssignS2AY2021.map -mcpu=cortex-m3 -mthumb -T "CG2028AssignS2AY2021_Debug.ld" -o"CG2028AssignS2AY2021.axf"  ./src/cr_startup_lpc17.o ./src/iir.o ./src/main.o   -lCMSISv1p30_LPC17xx
Finished building target: CG2028AssignS2AY2021.axf
 
make --no-print-directory post-build
Performing post-build steps
arm-none-eabi-size CG2028AssignS2AY2021.axf; # arm-none-eabi-objcopy -O ihex CG2028AssignS2AY2021.axf CG2028AssignS2AY2021.hex ;
   text	   data	    bss	    dec	    hex	filename
  12496	      0	    416	  12912	   3270	CG2028AssignS2AY2021.axf
 
14:07:52 **** Incremental Build of configuration Debug for project Lib_CMSISv1p30_LPC17xx ****
make all 
make: Nothing to be done for `all'.
14:07:54 **** Incremental Build of configuration Debug for project CG2028AssignS2AY2021 ****
make all 
Building file: ../src/iir.s
Invoking: MCU Assembler
arm-none-eabi-gcc -c -x assembler-with-cpp -DDEBUG -D__CODE_RED -D__REDLIB__ -g3 -mcpu=cortex-m3 -mthumb -o"src/iir.o" "../src/iir.s"
Finished building: ../src/iir.s
 
Building target: CG2028AssignS2AY2021.axf
Invoking: MCU Linker
arm-none-eabi-gcc -nostdlib -L"C:\Users\wamik\Documents\Notes Y2S2\CG2028\Labs and assignment\CG2028-assignment\Lib_CMSISv1p30_LPC17xx\Debug" -Xlinker --gc-sections -Xlinker -Map=CG2028AssignS2AY2021.map -mcpu=cortex-m3 -mthumb -T "CG2028AssignS2AY2021_Debug.ld" -o"CG2028AssignS2AY2021.axf"  ./src/cr_startup_lpc17.o ./src/iir.o ./src/main.o   -lCMSISv1p30_LPC17xx
Finished building target: CG2028AssignS2AY2021.axf
 
make --no-print-directory post-build
Performing post-build steps
arm-none-eabi-size CG2028AssignS2AY2021.axf; # arm-none-eabi-objcopy -O ihex CG2028AssignS2AY2021.axf CG2028AssignS2AY2021.hex ;
   text	   data	    bss	    dec	    hex	filename
  12496	      0	    416	  12912	   3270	CG2028AssignS2AY2021.axf
 
14:08:33 **** Incremental Build of configuration Debug for project CG2028AssignS2AY2021 ****
make all 
Building file: ../src/iir.s
Invoking: MCU Assembler
arm-none-eabi-gcc -c -x assembler-with-cpp -DDEBUG -D__CODE_RED -D__REDLIB__ -g3 -mcpu=cortex-m3 -mthumb -o"src/iir.o" "../src/iir.s"
Finished building: ../src/iir.s
 
Building target: CG2028AssignS2AY2021.axf
Invoking: MCU Linker
arm-none-eabi-gcc -nostdlib -L"C:\Users\wamik\Documents\Notes Y2S2\CG2028\Labs and assignment\CG2028-assignment\Lib_CMSISv1p30_LPC17xx\Debug" -Xlinker --gc-sections -Xlinker -Map=CG2028AssignS2AY2021.map -mcpu=cortex-m3 -mthumb -T "CG2028AssignS2AY2021_Debug.ld" -o"CG2028AssignS2AY2021.axf"  ./src/cr_startup_lpc17.o ./src/iir.o ./src/main.o   -lCMSISv1p30_LPC17xx
Finished building target: CG2028AssignS2AY2021.axf
 
make --no-print-directory post-build
Performing post-build steps
arm-none-eabi-size CG2028AssignS2AY2021.axf; # arm-none-eabi-objcopy -O ihex CG2028AssignS2AY2021.axf CG2028AssignS2AY2021.hex ;
   text	   data	    bss	    dec	    hex	filename
  12488	      0	    416	  12904	   3268	CG2028AssignS2AY2021.axf
 
14:09:30 **** Incremental Build of configuration Debug for project Lib_CMSISv1p30_LPC17xx ****
make all 
make: Nothing to be done for `all'.
14:09:32 **** Incremental Build of configuration Debug for project CG2028AssignS2AY2021 ****
make all 
Building file: ../src/iir.s
Invoking: MCU Assembler
arm-none-eabi-gcc -c -x assembler-with-cpp -DDEBUG -D__CODE_RED -D__REDLIB__ -g3 -mcpu=cortex-m3 -mthumb -o"src/iir.o" "../src/iir.s"
Finished building: ../src/iir.s
 
Building target: CG2028AssignS2AY2021.axf
Invoking: MCU Linker
arm-none-eabi-gcc -nostdlib -L"C:\Users\wamik\Documents\Notes Y2S2\CG2028\Labs and assignment\CG2028-assignment\Lib_CMSISv1p30_LPC17xx\Debug" -Xlinker --gc-sections -Xlinker -Map=CG2028AssignS2AY2021.map -mcpu=cortex-m3 -mthumb -T "CG2028AssignS2AY2021_Debug.ld" -o"CG2028AssignS2AY2021.axf"  ./src/cr_startup_lpc17.o ./src/iir.o ./src/main.o   -lCMSISv1p30_LPC17xx
Finished building target: CG2028AssignS2AY2021.axf
 
make --no-print-directory post-build
Performing post-build steps
arm-none-eabi-size CG2028AssignS2AY2021.axf; # arm-none-eabi-objcopy -O ihex CG2028AssignS2AY2021.axf CG2028AssignS2AY2021.hex ;
   text	   data	    bss	    dec	    hex	filename
  12480	      0	    416	  12896	   3260	CG2028AssignS2AY2021.axf
 
14:09:40 **** Incremental Build of configuration Debug for project Lib_CMSISv1p30_LPC17xx ****
make all 
make: Nothing to be done for `all'.
14:09:41 **** Incremental Build of configuration Debug for project CG2028AssignS2AY2021 ****
make all 
make: Nothing to be done for `all'.
11:29:22 **** Build of configuration Debug for project Lib_CMSISv1p30_LPC17xx ****
make all 
make: Nothing to be done for `all'.
11:29:24 **** Build of configuration Debug for project CG2028AssignS2AY2021 ****
make all 
Building file: ../src/iir.s
Invoking: MCU Assembler
arm-none-eabi-gcc -c -x assembler-with-cpp -DDEBUG -D__CODE_RED -D__REDLIB__ -g3 -mcpu=cortex-m3 -mthumb -o"src/iir.o" "../src/iir.s"
Finished building: ../src/iir.s
 
Building target: CG2028AssignS2AY2021.axf
Invoking: MCU Linker
arm-none-eabi-gcc -nostdlib -L"C:\Users\wamik\Documents\Notes Y2S2\CG2028\Labs and assignment\CG2028-assignment\Lib_CMSISv1p30_LPC17xx\Debug" -Xlinker --gc-sections -Xlinker -Map=CG2028AssignS2AY2021.map -mcpu=cortex-m3 -mthumb -T "CG2028AssignS2AY2021_Debug.ld" -o"CG2028AssignS2AY2021.axf"  ./src/cr_startup_lpc17.o ./src/iir.o ./src/main.o   -lCMSISv1p30_LPC17xx
Finished building target: CG2028AssignS2AY2021.axf
 
make --no-print-directory post-build
Performing post-build steps
arm-none-eabi-size CG2028AssignS2AY2021.axf; # arm-none-eabi-objcopy -O ihex CG2028AssignS2AY2021.axf CG2028AssignS2AY2021.hex ;
   text	   data	    bss	    dec	    hex	filename
  12488	      0	    416	  12904	   3268	CG2028AssignS2AY2021.axf
 
11:31:04 **** Incremental Build of configuration Debug for project Lib_CMSISv1p30_LPC17xx ****
make all 
make: Nothing to be done for `all'.
11:31:06 **** Incremental Build of configuration Debug for project CG2028AssignS2AY2021 ****
make all 
Building file: ../src/iir.s
Invoking: MCU Assembler
arm-none-eabi-gcc -c -x assembler-with-cpp -DDEBUG -D__CODE_RED -D__REDLIB__ -g3 -mcpu=cortex-m3 -mthumb -o"src/iir.o" "../src/iir.s"
../src/iir.s: Assembler messages:
../src/iir.s:27: Error: cannot represent T32_OFFSET_IMM relocation in this object file format
../src/iir.s:30: Error: cannot represent T32_OFFSET_IMM relocation in this object file format
make: *** [src/iir.o] Error 1
11:32:00 **** Incremental Build of configuration Debug for project Lib_CMSISv1p30_LPC17xx ****
make all 
make: Nothing to be done for `all'.
11:32:02 **** Incremental Build of configuration Debug for project CG2028AssignS2AY2021 ****
make all 
Building file: ../src/iir.s
Invoking: MCU Assembler
arm-none-eabi-gcc -c -x assembler-with-cpp -DDEBUG -D__CODE_RED -D__REDLIB__ -g3 -mcpu=cortex-m3 -mthumb -o"src/iir.o" "../src/iir.s"
Finished building: ../src/iir.s
 
Building target: CG2028AssignS2AY2021.axf
Invoking: MCU Linker
arm-none-eabi-gcc -nostdlib -L"C:\Users\wamik\Documents\Notes Y2S2\CG2028\Labs and assignment\CG2028-assignment\Lib_CMSISv1p30_LPC17xx\Debug" -Xlinker --gc-sections -Xlinker -Map=CG2028AssignS2AY2021.map -mcpu=cortex-m3 -mthumb -T "CG2028AssignS2AY2021_Debug.ld" -o"CG2028AssignS2AY2021.axf"  ./src/cr_startup_lpc17.o ./src/iir.o ./src/main.o   -lCMSISv1p30_LPC17xx
Finished building target: CG2028AssignS2AY2021.axf
 
make --no-print-directory post-build
Performing post-build steps
arm-none-eabi-size CG2028AssignS2AY2021.axf; # arm-none-eabi-objcopy -O ihex CG2028AssignS2AY2021.axf CG2028AssignS2AY2021.hex ;
   text	   data	    bss	    dec	    hex	filename
  12480	      0	    416	  12896	   3260	CG2028AssignS2AY2021.axf
 
11:35:49 **** Incremental Build of configuration Debug for project Lib_CMSISv1p30_LPC17xx ****
make all 
make: Nothing to be done for `all'.
11:35:51 **** Incremental Build of configuration Debug for project CG2028AssignS2AY2021 ****
make all 
Building file: ../src/iir.s
Invoking: MCU Assembler
arm-none-eabi-gcc -c -x assembler-with-cpp -DDEBUG -D__CODE_RED -D__REDLIB__ -g3 -mcpu=cortex-m3 -mthumb -o"src/iir.o" "../src/iir.s"
Finished building: ../src/iir.s
 
Building target: CG2028AssignS2AY2021.axf
Invoking: MCU Linker
arm-none-eabi-gcc -nostdlib -L"C:\Users\wamik\Documents\Notes Y2S2\CG2028\Labs and assignment\CG2028-assignment\Lib_CMSISv1p30_LPC17xx\Debug" -Xlinker --gc-sections -Xlinker -Map=CG2028AssignS2AY2021.map -mcpu=cortex-m3 -mthumb -T "CG2028AssignS2AY2021_Debug.ld" -o"CG2028AssignS2AY2021.axf"  ./src/cr_startup_lpc17.o ./src/iir.o ./src/main.o   -lCMSISv1p30_LPC17xx
Finished building target: CG2028AssignS2AY2021.axf
 
make --no-print-directory post-build
Performing post-build steps
arm-none-eabi-size CG2028AssignS2AY2021.axf; # arm-none-eabi-objcopy -O ihex CG2028AssignS2AY2021.axf CG2028AssignS2AY2021.hex ;
   text	   data	    bss	    dec	    hex	filename
  12488	      0	    416	  12904	   3268	CG2028AssignS2AY2021.axf
 
11:40:06 **** Incremental Build of configuration Debug for project Lib_CMSISv1p30_LPC17xx ****
make all 
make: Nothing to be done for `all'.
11:40:08 **** Incremental Build of configuration Debug for project CG2028AssignS2AY2021 ****
make all 
Building file: ../src/iir.s
Invoking: MCU Assembler
arm-none-eabi-gcc -c -x assembler-with-cpp -DDEBUG -D__CODE_RED -D__REDLIB__ -g3 -mcpu=cortex-m3 -mthumb -o"src/iir.o" "../src/iir.s"
Finished building: ../src/iir.s
 
Building target: CG2028AssignS2AY2021.axf
Invoking: MCU Linker
arm-none-eabi-gcc -nostdlib -L"C:\Users\wamik\Documents\Notes Y2S2\CG2028\Labs and assignment\CG2028-assignment\Lib_CMSISv1p30_LPC17xx\Debug" -Xlinker --gc-sections -Xlinker -Map=CG2028AssignS2AY2021.map -mcpu=cortex-m3 -mthumb -T "CG2028AssignS2AY2021_Debug.ld" -o"CG2028AssignS2AY2021.axf"  ./src/cr_startup_lpc17.o ./src/iir.o ./src/main.o   -lCMSISv1p30_LPC17xx
Finished building target: CG2028AssignS2AY2021.axf
 
make --no-print-directory post-build
Performing post-build steps
arm-none-eabi-size CG2028AssignS2AY2021.axf; # arm-none-eabi-objcopy -O ihex CG2028AssignS2AY2021.axf CG2028AssignS2AY2021.hex ;
   text	   data	    bss	    dec	    hex	filename
  12488	      0	    416	  12904	   3268	CG2028AssignS2AY2021.axf
 
11:55:37 **** Incremental Build of configuration Debug for project Lib_CMSISv1p30_LPC17xx ****
make all 
make: Nothing to be done for `all'.
11:55:39 **** Incremental Build of configuration Debug for project CG2028AssignS2AY2021 ****
make all 
Building file: ../src/iir.s
Invoking: MCU Assembler
arm-none-eabi-gcc -c -x assembler-with-cpp -DDEBUG -D__CODE_RED -D__REDLIB__ -g3 -mcpu=cortex-m3 -mthumb -o"src/iir.o" "../src/iir.s"
Finished building: ../src/iir.s
 
Building target: CG2028AssignS2AY2021.axf
Invoking: MCU Linker
arm-none-eabi-gcc -nostdlib -L"C:\Users\wamik\Documents\Notes Y2S2\CG2028\Labs and assignment\CG2028-assignment\Lib_CMSISv1p30_LPC17xx\Debug" -Xlinker --gc-sections -Xlinker -Map=CG2028AssignS2AY2021.map -mcpu=cortex-m3 -mthumb -T "CG2028AssignS2AY2021_Debug.ld" -o"CG2028AssignS2AY2021.axf"  ./src/cr_startup_lpc17.o ./src/iir.o ./src/main.o   -lCMSISv1p30_LPC17xx
Finished building target: CG2028AssignS2AY2021.axf
 
make --no-print-directory post-build
Performing post-build steps
arm-none-eabi-size CG2028AssignS2AY2021.axf; # arm-none-eabi-objcopy -O ihex CG2028AssignS2AY2021.axf CG2028AssignS2AY2021.hex ;
   text	   data	    bss	    dec	    hex	filename
  12544	      0	    496	  13040	   32f0	CG2028AssignS2AY2021.axf
 
11:58:17 **** Incremental Build of configuration Debug for project Lib_CMSISv1p30_LPC17xx ****
make all 
make: Nothing to be done for `all'.
11:58:19 **** Incremental Build of configuration Debug for project CG2028AssignS2AY2021 ****
make all 
Building file: ../src/iir.s
Invoking: MCU Assembler
arm-none-eabi-gcc -c -x assembler-with-cpp -DDEBUG -D__CODE_RED -D__REDLIB__ -g3 -mcpu=cortex-m3 -mthumb -o"src/iir.o" "../src/iir.s"
Finished building: ../src/iir.s
 
Building target: CG2028AssignS2AY2021.axf
Invoking: MCU Linker
arm-none-eabi-gcc -nostdlib -L"C:\Users\wamik\Documents\Notes Y2S2\CG2028\Labs and assignment\CG2028-assignment\Lib_CMSISv1p30_LPC17xx\Debug" -Xlinker --gc-sections -Xlinker -Map=CG2028AssignS2AY2021.map -mcpu=cortex-m3 -mthumb -T "CG2028AssignS2AY2021_Debug.ld" -o"CG2028AssignS2AY2021.axf"  ./src/cr_startup_lpc17.o ./src/iir.o ./src/main.o   -lCMSISv1p30_LPC17xx
Finished building target: CG2028AssignS2AY2021.axf
 
make --no-print-directory post-build
Performing post-build steps
arm-none-eabi-size CG2028AssignS2AY2021.axf; # arm-none-eabi-objcopy -O ihex CG2028AssignS2AY2021.axf CG2028AssignS2AY2021.hex ;
   text	   data	    bss	    dec	    hex	filename
  12544	      0	    496	  13040	   32f0	CG2028AssignS2AY2021.axf
 
16:20:23 **** Incremental Build of configuration Debug for project CG2028AssignS2AY2021 ****
make all 
Building file: ../src/iir.s
Invoking: MCU Assembler
arm-none-eabi-gcc -c -x assembler-with-cpp -DDEBUG -D__CODE_RED -D__REDLIB__ -g3 -mcpu=cortex-m3 -mthumb -o"src/iir.o" "../src/iir.s"
Finished building: ../src/iir.s
 
Building target: CG2028AssignS2AY2021.axf
Invoking: MCU Linker
arm-none-eabi-gcc -nostdlib -L"C:\Users\wamik\Documents\Notes Y2S2\CG2028\Labs and assignment\CG2028-assignment\Lib_CMSISv1p30_LPC17xx\Debug" -Xlinker --gc-sections -Xlinker -Map=CG2028AssignS2AY2021.map -mcpu=cortex-m3 -mthumb -T "CG2028AssignS2AY2021_Debug.ld" -o"CG2028AssignS2AY2021.axf"  ./src/cr_startup_lpc17.o ./src/iir.o ./src/main.o   -lCMSISv1p30_LPC17xx
Finished building target: CG2028AssignS2AY2021.axf
 
make --no-print-directory post-build
Performing post-build steps
arm-none-eabi-size CG2028AssignS2AY2021.axf; # arm-none-eabi-objcopy -O ihex CG2028AssignS2AY2021.axf CG2028AssignS2AY2021.hex ;
   text	   data	    bss	    dec	    hex	filename
  12544	      0	    496	  13040	   32f0	CG2028AssignS2AY2021.axf
 
16:22:51 **** Incremental Build of configuration Debug for project Lib_CMSISv1p30_LPC17xx ****
make all 
make: Nothing to be done for `all'.
16:22:53 **** Incremental Build of configuration Debug for project CG2028AssignS2AY2021 ****
make all 
make: Nothing to be done for `all'.
16:23:44 **** Incremental Build of configuration Debug for project Lib_CMSISv1p30_LPC17xx ****
make all 
make: Nothing to be done for `all'.
16:23:46 **** Incremental Build of configuration Debug for project CG2028AssignS2AY2021 ****
make all 
make: Nothing to be done for `all'.
08:23:00 **** Incremental Build of configuration Debug for project Lib_CMSISv1p30_LPC17xx ****
make all 
make: Nothing to be done for `all'.
08:23:04 **** Incremental Build of configuration Debug for project CG2028AssignS2AY2021 ****
make all 
make: Nothing to be done for `all'.
08:28:15 **** Incremental Build of configuration Debug for project Lib_CMSISv1p30_LPC17xx ****
make all 
make: Nothing to be done for `all'.
08:28:17 **** Incremental Build of configuration Debug for project CG2028AssignS2AY2021 ****
make all 
make: Nothing to be done for `all'.
08:28:43 **** Incremental Build of configuration Debug for project Lib_CMSISv1p30_LPC17xx ****
make all 
make: Nothing to be done for `all'.
08:28:45 **** Incremental Build of configuration Debug for project CG2028AssignS2AY2021 ****
make all 
make: Nothing to be done for `all'.
08:33:59 **** Incremental Build of configuration Debug for project Lib_CMSISv1p30_LPC17xx ****
make all 
make: Nothing to be done for `all'.
08:34:01 **** Incremental Build of configuration Debug for project CG2028AssignS2AY2021 ****
make all 
Building file: ../src/iir.s
Invoking: MCU Assembler
arm-none-eabi-gcc -c -x assembler-with-cpp -DDEBUG -D__CODE_RED -D__REDLIB__ -g3 -mcpu=cortex-m3 -mthumb -o"src/iir.o" "../src/iir.s"
Finished building: ../src/iir.s
 
Building target: CG2028AssignS2AY2021.axf
Invoking: MCU Linker
arm-none-eabi-gcc -nostdlib -L"C:\Users\wamik\Documents\Notes Y2S2\CG2028\Labs and assignment\CG2028-assignment\Lib_CMSISv1p30_LPC17xx\Debug" -Xlinker --gc-sections -Xlinker -Map=CG2028AssignS2AY2021.map -mcpu=cortex-m3 -mthumb -T "CG2028AssignS2AY2021_Debug.ld" -o"CG2028AssignS2AY2021.axf"  ./src/cr_startup_lpc17.o ./src/iir.o ./src/main.o   -lCMSISv1p30_LPC17xx
Finished building target: CG2028AssignS2AY2021.axf
 
make --no-print-directory post-build
Performing post-build steps
arm-none-eabi-size CG2028AssignS2AY2021.axf; # arm-none-eabi-objcopy -O ihex CG2028AssignS2AY2021.axf CG2028AssignS2AY2021.hex ;
   text	   data	    bss	    dec	    hex	filename
  12544	      0	    496	  13040	   32f0	CG2028AssignS2AY2021.axf
 
08:56:47 **** Incremental Build of configuration Debug for project Lib_CMSISv1p30_LPC17xx ****
make all 
make: Nothing to be done for `all'.
08:56:49 **** Incremental Build of configuration Debug for project CG2028AssignS2AY2021 ****
make all 
Building file: ../src/iir.s
Invoking: MCU Assembler
arm-none-eabi-gcc -c -x assembler-with-cpp -DDEBUG -D__CODE_RED -D__REDLIB__ -g3 -mcpu=cortex-m3 -mthumb -o"src/iir.o" "../src/iir.s"
Finished building: ../src/iir.s
 
Building target: CG2028AssignS2AY2021.axf
Invoking: MCU Linker
arm-none-eabi-gcc -nostdlib -L"C:\Users\wamik\Documents\Notes Y2S2\CG2028\Labs and assignment\CG2028-assignment\Lib_CMSISv1p30_LPC17xx\Debug" -Xlinker --gc-sections -Xlinker -Map=CG2028AssignS2AY2021.map -mcpu=cortex-m3 -mthumb -T "CG2028AssignS2AY2021_Debug.ld" -o"CG2028AssignS2AY2021.axf"  ./src/cr_startup_lpc17.o ./src/iir.o ./src/main.o   -lCMSISv1p30_LPC17xx
Finished building target: CG2028AssignS2AY2021.axf
 
make --no-print-directory post-build
Performing post-build steps
arm-none-eabi-size CG2028AssignS2AY2021.axf; # arm-none-eabi-objcopy -O ihex CG2028AssignS2AY2021.axf CG2028AssignS2AY2021.hex ;
   text	   data	    bss	    dec	    hex	filename
  12584	      0	    496	  13080	   3318	CG2028AssignS2AY2021.axf
 
09:00:08 **** Incremental Build of configuration Debug for project Lib_CMSISv1p30_LPC17xx ****
make all 
make: Nothing to be done for `all'.
09:00:10 **** Incremental Build of configuration Debug for project CG2028AssignS2AY2021 ****
make all 
Building file: ../src/iir.s
Invoking: MCU Assembler
arm-none-eabi-gcc -c -x assembler-with-cpp -DDEBUG -D__CODE_RED -D__REDLIB__ -g3 -mcpu=cortex-m3 -mthumb -o"src/iir.o" "../src/iir.s"
Finished building: ../src/iir.s
 
Building target: CG2028AssignS2AY2021.axf
Invoking: MCU Linker
arm-none-eabi-gcc -nostdlib -L"C:\Users\wamik\Documents\Notes Y2S2\CG2028\Labs and assignment\CG2028-assignment\Lib_CMSISv1p30_LPC17xx\Debug" -Xlinker --gc-sections -Xlinker -Map=CG2028AssignS2AY2021.map -mcpu=cortex-m3 -mthumb -T "CG2028AssignS2AY2021_Debug.ld" -o"CG2028AssignS2AY2021.axf"  ./src/cr_startup_lpc17.o ./src/iir.o ./src/main.o   -lCMSISv1p30_LPC17xx
Finished building target: CG2028AssignS2AY2021.axf
 
make --no-print-directory post-build
Performing post-build steps
arm-none-eabi-size CG2028AssignS2AY2021.axf; # arm-none-eabi-objcopy -O ihex CG2028AssignS2AY2021.axf CG2028AssignS2AY2021.hex ;
   text	   data	    bss	    dec	    hex	filename
  12584	      0	    496	  13080	   3318	CG2028AssignS2AY2021.axf
 
09:01:06 **** Incremental Build of configuration Debug for project Lib_CMSISv1p30_LPC17xx ****
make all 
make: Nothing to be done for `all'.
09:01:08 **** Incremental Build of configuration Debug for project CG2028AssignS2AY2021 ****
make all 
Building file: ../src/iir.s
Invoking: MCU Assembler
arm-none-eabi-gcc -c -x assembler-with-cpp -DDEBUG -D__CODE_RED -D__REDLIB__ -g3 -mcpu=cortex-m3 -mthumb -o"src/iir.o" "../src/iir.s"
Finished building: ../src/iir.s
 
Building target: CG2028AssignS2AY2021.axf
Invoking: MCU Linker
arm-none-eabi-gcc -nostdlib -L"C:\Users\wamik\Documents\Notes Y2S2\CG2028\Labs and assignment\CG2028-assignment\Lib_CMSISv1p30_LPC17xx\Debug" -Xlinker --gc-sections -Xlinker -Map=CG2028AssignS2AY2021.map -mcpu=cortex-m3 -mthumb -T "CG2028AssignS2AY2021_Debug.ld" -o"CG2028AssignS2AY2021.axf"  ./src/cr_startup_lpc17.o ./src/iir.o ./src/main.o   -lCMSISv1p30_LPC17xx
Finished building target: CG2028AssignS2AY2021.axf
 
make --no-print-directory post-build
Performing post-build steps
arm-none-eabi-size CG2028AssignS2AY2021.axf; # arm-none-eabi-objcopy -O ihex CG2028AssignS2AY2021.axf CG2028AssignS2AY2021.hex ;
   text	   data	    bss	    dec	    hex	filename
  12576	      0	    496	  13072	   3310	CG2028AssignS2AY2021.axf
 
09:02:48 **** Incremental Build of configuration Debug for project Lib_CMSISv1p30_LPC17xx ****
make all 
make: Nothing to be done for `all'.
09:02:50 **** Incremental Build of configuration Debug for project CG2028AssignS2AY2021 ****
make all 
Building file: ../src/iir.s
Invoking: MCU Assembler
arm-none-eabi-gcc -c -x assembler-with-cpp -DDEBUG -D__CODE_RED -D__REDLIB__ -g3 -mcpu=cortex-m3 -mthumb -o"src/iir.o" "../src/iir.s"
Finished building: ../src/iir.s
 
Building target: CG2028AssignS2AY2021.axf
Invoking: MCU Linker
arm-none-eabi-gcc -nostdlib -L"C:\Users\wamik\Documents\Notes Y2S2\CG2028\Labs and assignment\CG2028-assignment\Lib_CMSISv1p30_LPC17xx\Debug" -Xlinker --gc-sections -Xlinker -Map=CG2028AssignS2AY2021.map -mcpu=cortex-m3 -mthumb -T "CG2028AssignS2AY2021_Debug.ld" -o"CG2028AssignS2AY2021.axf"  ./src/cr_startup_lpc17.o ./src/iir.o ./src/main.o   -lCMSISv1p30_LPC17xx
Finished building target: CG2028AssignS2AY2021.axf
 
make --no-print-directory post-build
Performing post-build steps
arm-none-eabi-size CG2028AssignS2AY2021.axf; # arm-none-eabi-objcopy -O ihex CG2028AssignS2AY2021.axf CG2028AssignS2AY2021.hex ;
   text	   data	    bss	    dec	    hex	filename
  12584	      0	    496	  13080	   3318	CG2028AssignS2AY2021.axf
 
09:03:46 **** Incremental Build of configuration Debug for project Lib_CMSISv1p30_LPC17xx ****
make all 
make: Nothing to be done for `all'.
09:03:48 **** Incremental Build of configuration Debug for project CG2028AssignS2AY2021 ****
make all 
Building file: ../src/iir.s
Invoking: MCU Assembler
arm-none-eabi-gcc -c -x assembler-with-cpp -DDEBUG -D__CODE_RED -D__REDLIB__ -g3 -mcpu=cortex-m3 -mthumb -o"src/iir.o" "../src/iir.s"
Finished building: ../src/iir.s
 
Building target: CG2028AssignS2AY2021.axf
Invoking: MCU Linker
arm-none-eabi-gcc -nostdlib -L"C:\Users\wamik\Documents\Notes Y2S2\CG2028\Labs and assignment\CG2028-assignment\Lib_CMSISv1p30_LPC17xx\Debug" -Xlinker --gc-sections -Xlinker -Map=CG2028AssignS2AY2021.map -mcpu=cortex-m3 -mthumb -T "CG2028AssignS2AY2021_Debug.ld" -o"CG2028AssignS2AY2021.axf"  ./src/cr_startup_lpc17.o ./src/iir.o ./src/main.o   -lCMSISv1p30_LPC17xx
Finished building target: CG2028AssignS2AY2021.axf
 
make --no-print-directory post-build
Performing post-build steps
arm-none-eabi-size CG2028AssignS2AY2021.axf; # arm-none-eabi-objcopy -O ihex CG2028AssignS2AY2021.axf CG2028AssignS2AY2021.hex ;
   text	   data	    bss	    dec	    hex	filename
  12584	      0	    496	  13080	   3318	CG2028AssignS2AY2021.axf
 
09:07:15 **** Incremental Build of configuration Debug for project Lib_CMSISv1p30_LPC17xx ****
make all 
make: Nothing to be done for `all'.
09:07:17 **** Incremental Build of configuration Debug for project CG2028AssignS2AY2021 ****
make all 
Building file: ../src/iir.s
Invoking: MCU Assembler
arm-none-eabi-gcc -c -x assembler-with-cpp -DDEBUG -D__CODE_RED -D__REDLIB__ -g3 -mcpu=cortex-m3 -mthumb -o"src/iir.o" "../src/iir.s"
Finished building: ../src/iir.s
 
Building target: CG2028AssignS2AY2021.axf
Invoking: MCU Linker
arm-none-eabi-gcc -nostdlib -L"C:\Users\wamik\Documents\Notes Y2S2\CG2028\Labs and assignment\CG2028-assignment\Lib_CMSISv1p30_LPC17xx\Debug" -Xlinker --gc-sections -Xlinker -Map=CG2028AssignS2AY2021.map -mcpu=cortex-m3 -mthumb -T "CG2028AssignS2AY2021_Debug.ld" -o"CG2028AssignS2AY2021.axf"  ./src/cr_startup_lpc17.o ./src/iir.o ./src/main.o   -lCMSISv1p30_LPC17xx
Finished building target: CG2028AssignS2AY2021.axf
 
make --no-print-directory post-build
Performing post-build steps
arm-none-eabi-size CG2028AssignS2AY2021.axf; # arm-none-eabi-objcopy -O ihex CG2028AssignS2AY2021.axf CG2028AssignS2AY2021.hex ;
   text	   data	    bss	    dec	    hex	filename
  12592	      0	    496	  13088	   3320	CG2028AssignS2AY2021.axf
 
09:07:57 **** Incremental Build of configuration Debug for project Lib_CMSISv1p30_LPC17xx ****
make all 
make: Nothing to be done for `all'.
09:07:59 **** Incremental Build of configuration Debug for project CG2028AssignS2AY2021 ****
make all 
Building file: ../src/iir.s
Invoking: MCU Assembler
arm-none-eabi-gcc -c -x assembler-with-cpp -DDEBUG -D__CODE_RED -D__REDLIB__ -g3 -mcpu=cortex-m3 -mthumb -o"src/iir.o" "../src/iir.s"
Finished building: ../src/iir.s
 
Building target: CG2028AssignS2AY2021.axf
Invoking: MCU Linker
arm-none-eabi-gcc -nostdlib -L"C:\Users\wamik\Documents\Notes Y2S2\CG2028\Labs and assignment\CG2028-assignment\Lib_CMSISv1p30_LPC17xx\Debug" -Xlinker --gc-sections -Xlinker -Map=CG2028AssignS2AY2021.map -mcpu=cortex-m3 -mthumb -T "CG2028AssignS2AY2021_Debug.ld" -o"CG2028AssignS2AY2021.axf"  ./src/cr_startup_lpc17.o ./src/iir.o ./src/main.o   -lCMSISv1p30_LPC17xx
Finished building target: CG2028AssignS2AY2021.axf
 
make --no-print-directory post-build
Performing post-build steps
arm-none-eabi-size CG2028AssignS2AY2021.axf; # arm-none-eabi-objcopy -O ihex CG2028AssignS2AY2021.axf CG2028AssignS2AY2021.hex ;
   text	   data	    bss	    dec	    hex	filename
  12592	      0	    496	  13088	   3320	CG2028AssignS2AY2021.axf
 
09:10:46 **** Incremental Build of configuration Debug for project Lib_CMSISv1p30_LPC17xx ****
make all 
make: Nothing to be done for `all'.
09:10:48 **** Incremental Build of configuration Debug for project CG2028AssignS2AY2021 ****
make all 
Building file: ../src/iir.s
Invoking: MCU Assembler
arm-none-eabi-gcc -c -x assembler-with-cpp -DDEBUG -D__CODE_RED -D__REDLIB__ -g3 -mcpu=cortex-m3 -mthumb -o"src/iir.o" "../src/iir.s"
Finished building: ../src/iir.s
 
Building target: CG2028AssignS2AY2021.axf
Invoking: MCU Linker
arm-none-eabi-gcc -nostdlib -L"C:\Users\wamik\Documents\Notes Y2S2\CG2028\Labs and assignment\CG2028-assignment\Lib_CMSISv1p30_LPC17xx\Debug" -Xlinker --gc-sections -Xlinker -Map=CG2028AssignS2AY2021.map -mcpu=cortex-m3 -mthumb -T "CG2028AssignS2AY2021_Debug.ld" -o"CG2028AssignS2AY2021.axf"  ./src/cr_startup_lpc17.o ./src/iir.o ./src/main.o   -lCMSISv1p30_LPC17xx
Finished building target: CG2028AssignS2AY2021.axf
 
make --no-print-directory post-build
Performing post-build steps
arm-none-eabi-size CG2028AssignS2AY2021.axf; # arm-none-eabi-objcopy -O ihex CG2028AssignS2AY2021.axf CG2028AssignS2AY2021.hex ;
   text	   data	    bss	    dec	    hex	filename
  12592	      0	    496	  13088	   3320	CG2028AssignS2AY2021.axf
 
09:11:44 **** Incremental Build of configuration Debug for project Lib_CMSISv1p30_LPC17xx ****
make all 
make: Nothing to be done for `all'.
09:11:46 **** Incremental Build of configuration Debug for project CG2028AssignS2AY2021 ****
make all 
make: Nothing to be done for `all'.
09:12:02 **** Incremental Build of configuration Debug for project Lib_CMSISv1p30_LPC17xx ****
make all 
make: Nothing to be done for `all'.
09:12:04 **** Incremental Build of configuration Debug for project CG2028AssignS2AY2021 ****
make all 
make: Nothing to be done for `all'.
09:12:36 **** Incremental Build of configuration Debug for project Lib_CMSISv1p30_LPC17xx ****
make all 
make: Nothing to be done for `all'.
09:12:38 **** Incremental Build of configuration Debug for project CG2028AssignS2AY2021 ****
make all 
Building file: ../src/iir.s
Invoking: MCU Assembler
arm-none-eabi-gcc -c -x assembler-with-cpp -DDEBUG -D__CODE_RED -D__REDLIB__ -g3 -mcpu=cortex-m3 -mthumb -o"src/iir.o" "../src/iir.s"
Finished building: ../src/iir.s
 
Building target: CG2028AssignS2AY2021.axf
Invoking: MCU Linker
arm-none-eabi-gcc -nostdlib -L"C:\Users\wamik\Documents\Notes Y2S2\CG2028\Labs and assignment\CG2028-assignment\Lib_CMSISv1p30_LPC17xx\Debug" -Xlinker --gc-sections -Xlinker -Map=CG2028AssignS2AY2021.map -mcpu=cortex-m3 -mthumb -T "CG2028AssignS2AY2021_Debug.ld" -o"CG2028AssignS2AY2021.axf"  ./src/cr_startup_lpc17.o ./src/iir.o ./src/main.o   -lCMSISv1p30_LPC17xx
Finished building target: CG2028AssignS2AY2021.axf
 
make --no-print-directory post-build
Performing post-build steps
arm-none-eabi-size CG2028AssignS2AY2021.axf; # arm-none-eabi-objcopy -O ihex CG2028AssignS2AY2021.axf CG2028AssignS2AY2021.hex ;
   text	   data	    bss	    dec	    hex	filename
  12584	      0	    496	  13080	   3318	CG2028AssignS2AY2021.axf
 
09:17:03 **** Incremental Build of configuration Debug for project CG2028AssignS2AY2021 ****
make all 
Building file: ../src/iir.s
Invoking: MCU Assembler
arm-none-eabi-gcc -c -x assembler-with-cpp -DDEBUG -D__CODE_RED -D__REDLIB__ -g3 -mcpu=cortex-m3 -mthumb -o"src/iir.o" "../src/iir.s"
Finished building: ../src/iir.s
 
Building target: CG2028AssignS2AY2021.axf
Invoking: MCU Linker
arm-none-eabi-gcc -nostdlib -L"C:\Users\wamik\Documents\Notes Y2S2\CG2028\Labs and assignment\CG2028-assignment\Lib_CMSISv1p30_LPC17xx\Debug" -Xlinker --gc-sections -Xlinker -Map=CG2028AssignS2AY2021.map -mcpu=cortex-m3 -mthumb -T "CG2028AssignS2AY2021_Debug.ld" -o"CG2028AssignS2AY2021.axf"  ./src/cr_startup_lpc17.o ./src/iir.o ./src/main.o   -lCMSISv1p30_LPC17xx
Finished building target: CG2028AssignS2AY2021.axf
 
make --no-print-directory post-build
Performing post-build steps
arm-none-eabi-size CG2028AssignS2AY2021.axf; # arm-none-eabi-objcopy -O ihex CG2028AssignS2AY2021.axf CG2028AssignS2AY2021.hex ;
   text	   data	    bss	    dec	    hex	filename
  12592	      0	    496	  13088	   3320	CG2028AssignS2AY2021.axf
 
09:17:32 **** Incremental Build of configuration Debug for project Lib_CMSISv1p30_LPC17xx ****
make all 
make: Nothing to be done for `all'.
09:17:34 **** Incremental Build of configuration Debug for project CG2028AssignS2AY2021 ****
make all 
Building file: ../src/iir.s
Invoking: MCU Assembler
arm-none-eabi-gcc -c -x assembler-with-cpp -DDEBUG -D__CODE_RED -D__REDLIB__ -g3 -mcpu=cortex-m3 -mthumb -o"src/iir.o" "../src/iir.s"
Finished building: ../src/iir.s
 
Building target: CG2028AssignS2AY2021.axf
Invoking: MCU Linker
arm-none-eabi-gcc -nostdlib -L"C:\Users\wamik\Documents\Notes Y2S2\CG2028\Labs and assignment\CG2028-assignment\Lib_CMSISv1p30_LPC17xx\Debug" -Xlinker --gc-sections -Xlinker -Map=CG2028AssignS2AY2021.map -mcpu=cortex-m3 -mthumb -T "CG2028AssignS2AY2021_Debug.ld" -o"CG2028AssignS2AY2021.axf"  ./src/cr_startup_lpc17.o ./src/iir.o ./src/main.o   -lCMSISv1p30_LPC17xx
Finished building target: CG2028AssignS2AY2021.axf
 
make --no-print-directory post-build
Performing post-build steps
arm-none-eabi-size CG2028AssignS2AY2021.axf; # arm-none-eabi-objcopy -O ihex CG2028AssignS2AY2021.axf CG2028AssignS2AY2021.hex ;
   text	   data	    bss	    dec	    hex	filename
  12592	      0	    496	  13088	   3320	CG2028AssignS2AY2021.axf
 
09:18:19 **** Incremental Build of configuration Debug for project Lib_CMSISv1p30_LPC17xx ****
make all 
make: Nothing to be done for `all'.
09:18:21 **** Incremental Build of configuration Debug for project CG2028AssignS2AY2021 ****
make all 
Building file: ../src/iir.s
Invoking: MCU Assembler
arm-none-eabi-gcc -c -x assembler-with-cpp -DDEBUG -D__CODE_RED -D__REDLIB__ -g3 -mcpu=cortex-m3 -mthumb -o"src/iir.o" "../src/iir.s"
Finished building: ../src/iir.s
 
Building target: CG2028AssignS2AY2021.axf
Invoking: MCU Linker
arm-none-eabi-gcc -nostdlib -L"C:\Users\wamik\Documents\Notes Y2S2\CG2028\Labs and assignment\CG2028-assignment\Lib_CMSISv1p30_LPC17xx\Debug" -Xlinker --gc-sections -Xlinker -Map=CG2028AssignS2AY2021.map -mcpu=cortex-m3 -mthumb -T "CG2028AssignS2AY2021_Debug.ld" -o"CG2028AssignS2AY2021.axf"  ./src/cr_startup_lpc17.o ./src/iir.o ./src/main.o   -lCMSISv1p30_LPC17xx
Finished building target: CG2028AssignS2AY2021.axf
 
make --no-print-directory post-build
Performing post-build steps
arm-none-eabi-size CG2028AssignS2AY2021.axf; # arm-none-eabi-objcopy -O ihex CG2028AssignS2AY2021.axf CG2028AssignS2AY2021.hex ;
   text	   data	    bss	    dec	    hex	filename
  12592	      0	    496	  13088	   3320	CG2028AssignS2AY2021.axf
 
09:19:07 **** Incremental Build of configuration Debug for project Lib_CMSISv1p30_LPC17xx ****
make all 
make: Nothing to be done for `all'.
09:19:09 **** Incremental Build of configuration Debug for project CG2028AssignS2AY2021 ****
make all 
Building file: ../src/iir.s
Invoking: MCU Assembler
arm-none-eabi-gcc -c -x assembler-with-cpp -DDEBUG -D__CODE_RED -D__REDLIB__ -g3 -mcpu=cortex-m3 -mthumb -o"src/iir.o" "../src/iir.s"
Finished building: ../src/iir.s
 
Building target: CG2028AssignS2AY2021.axf
Invoking: MCU Linker
arm-none-eabi-gcc -nostdlib -L"C:\Users\wamik\Documents\Notes Y2S2\CG2028\Labs and assignment\CG2028-assignment\Lib_CMSISv1p30_LPC17xx\Debug" -Xlinker --gc-sections -Xlinker -Map=CG2028AssignS2AY2021.map -mcpu=cortex-m3 -mthumb -T "CG2028AssignS2AY2021_Debug.ld" -o"CG2028AssignS2AY2021.axf"  ./src/cr_startup_lpc17.o ./src/iir.o ./src/main.o   -lCMSISv1p30_LPC17xx
Finished building target: CG2028AssignS2AY2021.axf
 
make --no-print-directory post-build
Performing post-build steps
arm-none-eabi-size CG2028AssignS2AY2021.axf; # arm-none-eabi-objcopy -O ihex CG2028AssignS2AY2021.axf CG2028AssignS2AY2021.hex ;
   text	   data	    bss	    dec	    hex	filename
  12592	      0	    496	  13088	   3320	CG2028AssignS2AY2021.axf
 
09:19:32 **** Incremental Build of configuration Debug for project Lib_CMSISv1p30_LPC17xx ****
make all 
make: Nothing to be done for `all'.
09:19:34 **** Incremental Build of configuration Debug for project CG2028AssignS2AY2021 ****
make all 
Building file: ../src/iir.s
Invoking: MCU Assembler
arm-none-eabi-gcc -c -x assembler-with-cpp -DDEBUG -D__CODE_RED -D__REDLIB__ -g3 -mcpu=cortex-m3 -mthumb -o"src/iir.o" "../src/iir.s"
Finished building: ../src/iir.s
 
Building target: CG2028AssignS2AY2021.axf
Invoking: MCU Linker
arm-none-eabi-gcc -nostdlib -L"C:\Users\wamik\Documents\Notes Y2S2\CG2028\Labs and assignment\CG2028-assignment\Lib_CMSISv1p30_LPC17xx\Debug" -Xlinker --gc-sections -Xlinker -Map=CG2028AssignS2AY2021.map -mcpu=cortex-m3 -mthumb -T "CG2028AssignS2AY2021_Debug.ld" -o"CG2028AssignS2AY2021.axf"  ./src/cr_startup_lpc17.o ./src/iir.o ./src/main.o   -lCMSISv1p30_LPC17xx
Finished building target: CG2028AssignS2AY2021.axf
 
make --no-print-directory post-build
Performing post-build steps
arm-none-eabi-size CG2028AssignS2AY2021.axf; # arm-none-eabi-objcopy -O ihex CG2028AssignS2AY2021.axf CG2028AssignS2AY2021.hex ;
   text	   data	    bss	    dec	    hex	filename
  12592	      0	    496	  13088	   3320	CG2028AssignS2AY2021.axf
 
09:23:59 **** Incremental Build of configuration Debug for project Lib_CMSISv1p30_LPC17xx ****
make all 
make: Nothing to be done for `all'.
09:24:01 **** Incremental Build of configuration Debug for project CG2028AssignS2AY2021 ****
make all 
Building file: ../src/iir.s
Invoking: MCU Assembler
arm-none-eabi-gcc -c -x assembler-with-cpp -DDEBUG -D__CODE_RED -D__REDLIB__ -g3 -mcpu=cortex-m3 -mthumb -o"src/iir.o" "../src/iir.s"
Finished building: ../src/iir.s
 
Building target: CG2028AssignS2AY2021.axf
Invoking: MCU Linker
arm-none-eabi-gcc -nostdlib -L"C:\Users\wamik\Documents\Notes Y2S2\CG2028\Labs and assignment\CG2028-assignment\Lib_CMSISv1p30_LPC17xx\Debug" -Xlinker --gc-sections -Xlinker -Map=CG2028AssignS2AY2021.map -mcpu=cortex-m3 -mthumb -T "CG2028AssignS2AY2021_Debug.ld" -o"CG2028AssignS2AY2021.axf"  ./src/cr_startup_lpc17.o ./src/iir.o ./src/main.o   -lCMSISv1p30_LPC17xx
Finished building target: CG2028AssignS2AY2021.axf
 
make --no-print-directory post-build
Performing post-build steps
arm-none-eabi-size CG2028AssignS2AY2021.axf; # arm-none-eabi-objcopy -O ihex CG2028AssignS2AY2021.axf CG2028AssignS2AY2021.hex ;
   text	   data	    bss	    dec	    hex	filename
  12592	      0	    496	  13088	   3320	CG2028AssignS2AY2021.axf
 
09:27:08 **** Incremental Build of configuration Debug for project Lib_CMSISv1p30_LPC17xx ****
make all 
make: Nothing to be done for `all'.
09:27:10 **** Incremental Build of configuration Debug for project CG2028AssignS2AY2021 ****
make all 
Building file: ../src/iir.s
Invoking: MCU Assembler
arm-none-eabi-gcc -c -x assembler-with-cpp -DDEBUG -D__CODE_RED -D__REDLIB__ -g3 -mcpu=cortex-m3 -mthumb -o"src/iir.o" "../src/iir.s"
Finished building: ../src/iir.s
 
Building target: CG2028AssignS2AY2021.axf
Invoking: MCU Linker
arm-none-eabi-gcc -nostdlib -L"C:\Users\wamik\Documents\Notes Y2S2\CG2028\Labs and assignment\CG2028-assignment\Lib_CMSISv1p30_LPC17xx\Debug" -Xlinker --gc-sections -Xlinker -Map=CG2028AssignS2AY2021.map -mcpu=cortex-m3 -mthumb -T "CG2028AssignS2AY2021_Debug.ld" -o"CG2028AssignS2AY2021.axf"  ./src/cr_startup_lpc17.o ./src/iir.o ./src/main.o   -lCMSISv1p30_LPC17xx
Finished building target: CG2028AssignS2AY2021.axf
 
make --no-print-directory post-build
Performing post-build steps
arm-none-eabi-size CG2028AssignS2AY2021.axf; # arm-none-eabi-objcopy -O ihex CG2028AssignS2AY2021.axf CG2028AssignS2AY2021.hex ;
   text	   data	    bss	    dec	    hex	filename
  12592	      0	    496	  13088	   3320	CG2028AssignS2AY2021.axf
 
09:28:22 **** Incremental Build of configuration Debug for project Lib_CMSISv1p30_LPC17xx ****
make all 
make: Nothing to be done for `all'.
09:28:24 **** Incremental Build of configuration Debug for project CG2028AssignS2AY2021 ****
make all 
Building file: ../src/iir.s
Invoking: MCU Assembler
arm-none-eabi-gcc -c -x assembler-with-cpp -DDEBUG -D__CODE_RED -D__REDLIB__ -g3 -mcpu=cortex-m3 -mthumb -o"src/iir.o" "../src/iir.s"
../src/iir.s: Assembler messages:
../src/iir.s:62: Error: cannot represent T32_OFFSET_IMM relocation in this object file format
../src/iir.s:63: Error: cannot represent T32_OFFSET_IMM relocation in this object file format
make: *** [src/iir.o] Error 1
09:28:57 **** Incremental Build of configuration Debug for project Lib_CMSISv1p30_LPC17xx ****
make all 
make: Nothing to be done for `all'.
09:28:59 **** Incremental Build of configuration Debug for project CG2028AssignS2AY2021 ****
make all 
Building file: ../src/iir.s
Invoking: MCU Assembler
arm-none-eabi-gcc -c -x assembler-with-cpp -DDEBUG -D__CODE_RED -D__REDLIB__ -g3 -mcpu=cortex-m3 -mthumb -o"src/iir.o" "../src/iir.s"
Finished building: ../src/iir.s
 
Building target: CG2028AssignS2AY2021.axf
Invoking: MCU Linker
arm-none-eabi-gcc -nostdlib -L"C:\Users\wamik\Documents\Notes Y2S2\CG2028\Labs and assignment\CG2028-assignment\Lib_CMSISv1p30_LPC17xx\Debug" -Xlinker --gc-sections -Xlinker -Map=CG2028AssignS2AY2021.map -mcpu=cortex-m3 -mthumb -T "CG2028AssignS2AY2021_Debug.ld" -o"CG2028AssignS2AY2021.axf"  ./src/cr_startup_lpc17.o ./src/iir.o ./src/main.o   -lCMSISv1p30_LPC17xx
Finished building target: CG2028AssignS2AY2021.axf
 
make --no-print-directory post-build
Performing post-build steps
arm-none-eabi-size CG2028AssignS2AY2021.axf; # arm-none-eabi-objcopy -O ihex CG2028AssignS2AY2021.axf CG2028AssignS2AY2021.hex ;
   text	   data	    bss	    dec	    hex	filename
  12592	      0	    496	  13088	   3320	CG2028AssignS2AY2021.axf
 
09:35:59 **** Incremental Build of configuration Debug for project Lib_CMSISv1p30_LPC17xx ****
make all 
make: Nothing to be done for `all'.
09:36:01 **** Incremental Build of configuration Debug for project CG2028AssignS2AY2021 ****
make all 
make: Nothing to be done for `all'.
09:38:09 **** Incremental Build of configuration Debug for project Lib_CMSISv1p30_LPC17xx ****
make all 
make: Nothing to be done for `all'.
09:38:11 **** Incremental Build of configuration Debug for project CG2028AssignS2AY2021 ****
make all 
Building file: ../src/iir.s
Invoking: MCU Assembler
arm-none-eabi-gcc -c -x assembler-with-cpp -DDEBUG -D__CODE_RED -D__REDLIB__ -g3 -mcpu=cortex-m3 -mthumb -o"src/iir.o" "../src/iir.s"
Finished building: ../src/iir.s
 
Building target: CG2028AssignS2AY2021.axf
Invoking: MCU Linker
arm-none-eabi-gcc -nostdlib -L"C:\Users\wamik\Documents\Notes Y2S2\CG2028\Labs and assignment\CG2028-assignment\Lib_CMSISv1p30_LPC17xx\Debug" -Xlinker --gc-sections -Xlinker -Map=CG2028AssignS2AY2021.map -mcpu=cortex-m3 -mthumb -T "CG2028AssignS2AY2021_Debug.ld" -o"CG2028AssignS2AY2021.axf"  ./src/cr_startup_lpc17.o ./src/iir.o ./src/main.o   -lCMSISv1p30_LPC17xx
Finished building target: CG2028AssignS2AY2021.axf
 
make --no-print-directory post-build
Performing post-build steps
arm-none-eabi-size CG2028AssignS2AY2021.axf; # arm-none-eabi-objcopy -O ihex CG2028AssignS2AY2021.axf CG2028AssignS2AY2021.hex ;
   text	   data	    bss	    dec	    hex	filename
  12592	      0	    496	  13088	   3320	CG2028AssignS2AY2021.axf
 
09:40:10 **** Incremental Build of configuration Debug for project Lib_CMSISv1p30_LPC17xx ****
make all 
make: Nothing to be done for `all'.
09:40:12 **** Incremental Build of configuration Debug for project CG2028AssignS2AY2021 ****
make all 
Building file: ../src/iir.s
Invoking: MCU Assembler
arm-none-eabi-gcc -c -x assembler-with-cpp -DDEBUG -D__CODE_RED -D__REDLIB__ -g3 -mcpu=cortex-m3 -mthumb -o"src/iir.o" "../src/iir.s"
../src/iir.s: Assembler messages:
../src/iir.s:28: Error: bad instruction `smul R4,R3,R4'
../src/iir.s:40: Error: bad instruction `smul R8,R8,R11'
make: *** [src/iir.o] Error 1
09:40:38 **** Incremental Build of configuration Debug for project Lib_CMSISv1p30_LPC17xx ****
make all 
make: Nothing to be done for `all'.
09:40:40 **** Incremental Build of configuration Debug for project CG2028AssignS2AY2021 ****
make all 
Building file: ../src/iir.s
Invoking: MCU Assembler
arm-none-eabi-gcc -c -x assembler-with-cpp -DDEBUG -D__CODE_RED -D__REDLIB__ -g3 -mcpu=cortex-m3 -mthumb -o"src/iir.o" "../src/iir.s"
../src/iir.s: Assembler messages:
../src/iir.s:28: Error: bad instruction `imul R4,R3,R4'
../src/iir.s:40: Error: bad instruction `imul R8,R8,R11'
make: *** [src/iir.o] Error 1
09:41:00 **** Incremental Build of configuration Debug for project Lib_CMSISv1p30_LPC17xx ****
make all 
make: Nothing to be done for `all'.
09:41:01 **** Incremental Build of configuration Debug for project CG2028AssignS2AY2021 ****
make all 
Building file: ../src/iir.s
Invoking: MCU Assembler
arm-none-eabi-gcc -c -x assembler-with-cpp -DDEBUG -D__CODE_RED -D__REDLIB__ -g3 -mcpu=cortex-m3 -mthumb -o"src/iir.o" "../src/iir.s"
../src/iir.s: Assembler messages:
../src/iir.s:28: Error: bad arguments to instruction -- `smull R4,R3,R4'
../src/iir.s:40: Error: bad arguments to instruction -- `smull R8,R8,R11'
make: *** [src/iir.o] Error 1
09:42:17 **** Incremental Build of configuration Debug for project Lib_CMSISv1p30_LPC17xx ****
make all 
make: Nothing to be done for `all'.
09:42:19 **** Incremental Build of configuration Debug for project CG2028AssignS2AY2021 ****
make all 
Building file: ../src/iir.s
Invoking: MCU Assembler
arm-none-eabi-gcc -c -x assembler-with-cpp -DDEBUG -D__CODE_RED -D__REDLIB__ -g3 -mcpu=cortex-m3 -mthumb -o"src/iir.o" "../src/iir.s"
Finished building: ../src/iir.s
 
Building target: CG2028AssignS2AY2021.axf
Invoking: MCU Linker
arm-none-eabi-gcc -nostdlib -L"C:\Users\wamik\Documents\Notes Y2S2\CG2028\Labs and assignment\CG2028-assignment\Lib_CMSISv1p30_LPC17xx\Debug" -Xlinker --gc-sections -Xlinker -Map=CG2028AssignS2AY2021.map -mcpu=cortex-m3 -mthumb -T "CG2028AssignS2AY2021_Debug.ld" -o"CG2028AssignS2AY2021.axf"  ./src/cr_startup_lpc17.o ./src/iir.o ./src/main.o   -lCMSISv1p30_LPC17xx
Finished building target: CG2028AssignS2AY2021.axf
 
make --no-print-directory post-build
Performing post-build steps
arm-none-eabi-size CG2028AssignS2AY2021.axf; # arm-none-eabi-objcopy -O ihex CG2028AssignS2AY2021.axf CG2028AssignS2AY2021.hex ;
   text	   data	    bss	    dec	    hex	filename
  12592	      0	    496	  13088	   3320	CG2028AssignS2AY2021.axf
 
09:42:52 **** Incremental Build of configuration Debug for project Lib_CMSISv1p30_LPC17xx ****
make all 
make: Nothing to be done for `all'.
09:42:54 **** Incremental Build of configuration Debug for project CG2028AssignS2AY2021 ****
make all 
Building file: ../src/iir.s
Invoking: MCU Assembler
arm-none-eabi-gcc -c -x assembler-with-cpp -DDEBUG -D__CODE_RED -D__REDLIB__ -g3 -mcpu=cortex-m3 -mthumb -o"src/iir.o" "../src/iir.s"
Finished building: ../src/iir.s
 
Building target: CG2028AssignS2AY2021.axf
Invoking: MCU Linker
arm-none-eabi-gcc -nostdlib -L"C:\Users\wamik\Documents\Notes Y2S2\CG2028\Labs and assignment\CG2028-assignment\Lib_CMSISv1p30_LPC17xx\Debug" -Xlinker --gc-sections -Xlinker -Map=CG2028AssignS2AY2021.map -mcpu=cortex-m3 -mthumb -T "CG2028AssignS2AY2021_Debug.ld" -o"CG2028AssignS2AY2021.axf"  ./src/cr_startup_lpc17.o ./src/iir.o ./src/main.o   -lCMSISv1p30_LPC17xx
Finished building target: CG2028AssignS2AY2021.axf
 
make --no-print-directory post-build
Performing post-build steps
arm-none-eabi-size CG2028AssignS2AY2021.axf; # arm-none-eabi-objcopy -O ihex CG2028AssignS2AY2021.axf CG2028AssignS2AY2021.hex ;
   text	   data	    bss	    dec	    hex	filename
  12592	      0	    496	  13088	   3320	CG2028AssignS2AY2021.axf
 
09:43:38 **** Incremental Build of configuration Debug for project Lib_CMSISv1p30_LPC17xx ****
make all 
make: Nothing to be done for `all'.
09:43:40 **** Incremental Build of configuration Debug for project CG2028AssignS2AY2021 ****
make all 
Building file: ../src/iir.s
Invoking: MCU Assembler
arm-none-eabi-gcc -c -x assembler-with-cpp -DDEBUG -D__CODE_RED -D__REDLIB__ -g3 -mcpu=cortex-m3 -mthumb -o"src/iir.o" "../src/iir.s"
Finished building: ../src/iir.s
 
Building target: CG2028AssignS2AY2021.axf
Invoking: MCU Linker
arm-none-eabi-gcc -nostdlib -L"C:\Users\wamik\Documents\Notes Y2S2\CG2028\Labs and assignment\CG2028-assignment\Lib_CMSISv1p30_LPC17xx\Debug" -Xlinker --gc-sections -Xlinker -Map=CG2028AssignS2AY2021.map -mcpu=cortex-m3 -mthumb -T "CG2028AssignS2AY2021_Debug.ld" -o"CG2028AssignS2AY2021.axf"  ./src/cr_startup_lpc17.o ./src/iir.o ./src/main.o   -lCMSISv1p30_LPC17xx
Finished building target: CG2028AssignS2AY2021.axf
 
make --no-print-directory post-build
Performing post-build steps
arm-none-eabi-size CG2028AssignS2AY2021.axf; # arm-none-eabi-objcopy -O ihex CG2028AssignS2AY2021.axf CG2028AssignS2AY2021.hex ;
   text	   data	    bss	    dec	    hex	filename
  12600	      0	    496	  13096	   3328	CG2028AssignS2AY2021.axf
 
09:44:01 **** Incremental Build of configuration Debug for project Lib_CMSISv1p30_LPC17xx ****
make all 
make: Nothing to be done for `all'.
09:44:03 **** Incremental Build of configuration Debug for project CG2028AssignS2AY2021 ****
make all 
Building file: ../src/iir.s
Invoking: MCU Assembler
arm-none-eabi-gcc -c -x assembler-with-cpp -DDEBUG -D__CODE_RED -D__REDLIB__ -g3 -mcpu=cortex-m3 -mthumb -o"src/iir.o" "../src/iir.s"
Finished building: ../src/iir.s
 
Building target: CG2028AssignS2AY2021.axf
Invoking: MCU Linker
arm-none-eabi-gcc -nostdlib -L"C:\Users\wamik\Documents\Notes Y2S2\CG2028\Labs and assignment\CG2028-assignment\Lib_CMSISv1p30_LPC17xx\Debug" -Xlinker --gc-sections -Xlinker -Map=CG2028AssignS2AY2021.map -mcpu=cortex-m3 -mthumb -T "CG2028AssignS2AY2021_Debug.ld" -o"CG2028AssignS2AY2021.axf"  ./src/cr_startup_lpc17.o ./src/iir.o ./src/main.o   -lCMSISv1p30_LPC17xx
Finished building target: CG2028AssignS2AY2021.axf
 
make --no-print-directory post-build
Performing post-build steps
arm-none-eabi-size CG2028AssignS2AY2021.axf; # arm-none-eabi-objcopy -O ihex CG2028AssignS2AY2021.axf CG2028AssignS2AY2021.hex ;
   text	   data	    bss	    dec	    hex	filename
  12600	      0	    496	  13096	   3328	CG2028AssignS2AY2021.axf
 
09:44:34 **** Incremental Build of configuration Debug for project Lib_CMSISv1p30_LPC17xx ****
make all 
make: Nothing to be done for `all'.
09:44:36 **** Incremental Build of configuration Debug for project CG2028AssignS2AY2021 ****
make all 
Building file: ../src/iir.s
Invoking: MCU Assembler
arm-none-eabi-gcc -c -x assembler-with-cpp -DDEBUG -D__CODE_RED -D__REDLIB__ -g3 -mcpu=cortex-m3 -mthumb -o"src/iir.o" "../src/iir.s"
Finished building: ../src/iir.s
 
Building target: CG2028AssignS2AY2021.axf
Invoking: MCU Linker
arm-none-eabi-gcc -nostdlib -L"C:\Users\wamik\Documents\Notes Y2S2\CG2028\Labs and assignment\CG2028-assignment\Lib_CMSISv1p30_LPC17xx\Debug" -Xlinker --gc-sections -Xlinker -Map=CG2028AssignS2AY2021.map -mcpu=cortex-m3 -mthumb -T "CG2028AssignS2AY2021_Debug.ld" -o"CG2028AssignS2AY2021.axf"  ./src/cr_startup_lpc17.o ./src/iir.o ./src/main.o   -lCMSISv1p30_LPC17xx
Finished building target: CG2028AssignS2AY2021.axf
 
make --no-print-directory post-build
Performing post-build steps
arm-none-eabi-size CG2028AssignS2AY2021.axf; # arm-none-eabi-objcopy -O ihex CG2028AssignS2AY2021.axf CG2028AssignS2AY2021.hex ;
   text	   data	    bss	    dec	    hex	filename
  12592	      0	    496	  13088	   3320	CG2028AssignS2AY2021.axf
 
09:45:06 **** Incremental Build of configuration Debug for project Lib_CMSISv1p30_LPC17xx ****
make all 
make: Nothing to be done for `all'.
09:45:08 **** Incremental Build of configuration Debug for project CG2028AssignS2AY2021 ****
make all 
Building file: ../src/iir.s
Invoking: MCU Assembler
arm-none-eabi-gcc -c -x assembler-with-cpp -DDEBUG -D__CODE_RED -D__REDLIB__ -g3 -mcpu=cortex-m3 -mthumb -o"src/iir.o" "../src/iir.s"
Finished building: ../src/iir.s
 
Building target: CG2028AssignS2AY2021.axf
Invoking: MCU Linker
arm-none-eabi-gcc -nostdlib -L"C:\Users\wamik\Documents\Notes Y2S2\CG2028\Labs and assignment\CG2028-assignment\Lib_CMSISv1p30_LPC17xx\Debug" -Xlinker --gc-sections -Xlinker -Map=CG2028AssignS2AY2021.map -mcpu=cortex-m3 -mthumb -T "CG2028AssignS2AY2021_Debug.ld" -o"CG2028AssignS2AY2021.axf"  ./src/cr_startup_lpc17.o ./src/iir.o ./src/main.o   -lCMSISv1p30_LPC17xx
Finished building target: CG2028AssignS2AY2021.axf
 
make --no-print-directory post-build
Performing post-build steps
arm-none-eabi-size CG2028AssignS2AY2021.axf; # arm-none-eabi-objcopy -O ihex CG2028AssignS2AY2021.axf CG2028AssignS2AY2021.hex ;
   text	   data	    bss	    dec	    hex	filename
  12600	      0	    496	  13096	   3328	CG2028AssignS2AY2021.axf
 
09:45:40 **** Incremental Build of configuration Debug for project Lib_CMSISv1p30_LPC17xx ****
make all 
make: Nothing to be done for `all'.
09:45:42 **** Incremental Build of configuration Debug for project CG2028AssignS2AY2021 ****
make all 
Building file: ../src/iir.s
Invoking: MCU Assembler
arm-none-eabi-gcc -c -x assembler-with-cpp -DDEBUG -D__CODE_RED -D__REDLIB__ -g3 -mcpu=cortex-m3 -mthumb -o"src/iir.o" "../src/iir.s"
Finished building: ../src/iir.s
 
Building target: CG2028AssignS2AY2021.axf
Invoking: MCU Linker
arm-none-eabi-gcc -nostdlib -L"C:\Users\wamik\Documents\Notes Y2S2\CG2028\Labs and assignment\CG2028-assignment\Lib_CMSISv1p30_LPC17xx\Debug" -Xlinker --gc-sections -Xlinker -Map=CG2028AssignS2AY2021.map -mcpu=cortex-m3 -mthumb -T "CG2028AssignS2AY2021_Debug.ld" -o"CG2028AssignS2AY2021.axf"  ./src/cr_startup_lpc17.o ./src/iir.o ./src/main.o   -lCMSISv1p30_LPC17xx
Finished building target: CG2028AssignS2AY2021.axf
 
make --no-print-directory post-build
Performing post-build steps
arm-none-eabi-size CG2028AssignS2AY2021.axf; # arm-none-eabi-objcopy -O ihex CG2028AssignS2AY2021.axf CG2028AssignS2AY2021.hex ;
   text	   data	    bss	    dec	    hex	filename
  12600	      0	    496	  13096	   3328	CG2028AssignS2AY2021.axf
 
09:46:28 **** Incremental Build of configuration Debug for project Lib_CMSISv1p30_LPC17xx ****
make all 
make: Nothing to be done for `all'.
09:46:30 **** Incremental Build of configuration Debug for project CG2028AssignS2AY2021 ****
make all 
Building file: ../src/iir.s
Invoking: MCU Assembler
arm-none-eabi-gcc -c -x assembler-with-cpp -DDEBUG -D__CODE_RED -D__REDLIB__ -g3 -mcpu=cortex-m3 -mthumb -o"src/iir.o" "../src/iir.s"
Finished building: ../src/iir.s
 
Building target: CG2028AssignS2AY2021.axf
Invoking: MCU Linker
arm-none-eabi-gcc -nostdlib -L"C:\Users\wamik\Documents\Notes Y2S2\CG2028\Labs and assignment\CG2028-assignment\Lib_CMSISv1p30_LPC17xx\Debug" -Xlinker --gc-sections -Xlinker -Map=CG2028AssignS2AY2021.map -mcpu=cortex-m3 -mthumb -T "CG2028AssignS2AY2021_Debug.ld" -o"CG2028AssignS2AY2021.axf"  ./src/cr_startup_lpc17.o ./src/iir.o ./src/main.o   -lCMSISv1p30_LPC17xx
Finished building target: CG2028AssignS2AY2021.axf
 
make --no-print-directory post-build
Performing post-build steps
arm-none-eabi-size CG2028AssignS2AY2021.axf; # arm-none-eabi-objcopy -O ihex CG2028AssignS2AY2021.axf CG2028AssignS2AY2021.hex ;
   text	   data	    bss	    dec	    hex	filename
  12600	      0	    496	  13096	   3328	CG2028AssignS2AY2021.axf
 
09:47:03 **** Incremental Build of configuration Debug for project Lib_CMSISv1p30_LPC17xx ****
make all 
make: Nothing to be done for `all'.
09:47:05 **** Incremental Build of configuration Debug for project CG2028AssignS2AY2021 ****
make all 
make: Nothing to be done for `all'.
09:49:16 **** Incremental Build of configuration Debug for project Lib_CMSISv1p30_LPC17xx ****
make all 
make: Nothing to be done for `all'.
09:49:18 **** Incremental Build of configuration Debug for project CG2028AssignS2AY2021 ****
make all 
Building file: ../src/iir.s
Invoking: MCU Assembler
arm-none-eabi-gcc -c -x assembler-with-cpp -DDEBUG -D__CODE_RED -D__REDLIB__ -g3 -mcpu=cortex-m3 -mthumb -o"src/iir.o" "../src/iir.s"
Finished building: ../src/iir.s
 
Building target: CG2028AssignS2AY2021.axf
Invoking: MCU Linker
arm-none-eabi-gcc -nostdlib -L"C:\Users\wamik\Documents\Notes Y2S2\CG2028\Labs and assignment\CG2028-assignment\Lib_CMSISv1p30_LPC17xx\Debug" -Xlinker --gc-sections -Xlinker -Map=CG2028AssignS2AY2021.map -mcpu=cortex-m3 -mthumb -T "CG2028AssignS2AY2021_Debug.ld" -o"CG2028AssignS2AY2021.axf"  ./src/cr_startup_lpc17.o ./src/iir.o ./src/main.o   -lCMSISv1p30_LPC17xx
Finished building target: CG2028AssignS2AY2021.axf
 
make --no-print-directory post-build
Performing post-build steps
arm-none-eabi-size CG2028AssignS2AY2021.axf; # arm-none-eabi-objcopy -O ihex CG2028AssignS2AY2021.axf CG2028AssignS2AY2021.hex ;
   text	   data	    bss	    dec	    hex	filename
  12592	      0	    496	  13088	   3320	CG2028AssignS2AY2021.axf
 
09:49:47 **** Incremental Build of configuration Debug for project Lib_CMSISv1p30_LPC17xx ****
make all 
make: Nothing to be done for `all'.
09:49:49 **** Incremental Build of configuration Debug for project CG2028AssignS2AY2021 ****
make all 
Building file: ../src/iir.s
Invoking: MCU Assembler
arm-none-eabi-gcc -c -x assembler-with-cpp -DDEBUG -D__CODE_RED -D__REDLIB__ -g3 -mcpu=cortex-m3 -mthumb -o"src/iir.o" "../src/iir.s"
Finished building: ../src/iir.s
 
Building target: CG2028AssignS2AY2021.axf
Invoking: MCU Linker
arm-none-eabi-gcc -nostdlib -L"C:\Users\wamik\Documents\Notes Y2S2\CG2028\Labs and assignment\CG2028-assignment\Lib_CMSISv1p30_LPC17xx\Debug" -Xlinker --gc-sections -Xlinker -Map=CG2028AssignS2AY2021.map -mcpu=cortex-m3 -mthumb -T "CG2028AssignS2AY2021_Debug.ld" -o"CG2028AssignS2AY2021.axf"  ./src/cr_startup_lpc17.o ./src/iir.o ./src/main.o   -lCMSISv1p30_LPC17xx
Finished building target: CG2028AssignS2AY2021.axf
 
make --no-print-directory post-build
Performing post-build steps
arm-none-eabi-size CG2028AssignS2AY2021.axf; # arm-none-eabi-objcopy -O ihex CG2028AssignS2AY2021.axf CG2028AssignS2AY2021.hex ;
   text	   data	    bss	    dec	    hex	filename
  12592	      0	    496	  13088	   3320	CG2028AssignS2AY2021.axf
 
09:50:13 **** Incremental Build of configuration Debug for project Lib_CMSISv1p30_LPC17xx ****
make all 
make: Nothing to be done for `all'.
09:50:15 **** Incremental Build of configuration Debug for project CG2028AssignS2AY2021 ****
make all 
make: Nothing to be done for `all'.
09:59:19 **** Incremental Build of configuration Debug for project Lib_CMSISv1p30_LPC17xx ****
make all 
make: Nothing to be done for `all'.
09:59:21 **** Incremental Build of configuration Debug for project CG2028AssignS2AY2021 ****
make all 
make: Nothing to be done for `all'.
10:05:16 **** Incremental Build of configuration Debug for project Lib_CMSISv1p30_LPC17xx ****
make all 
make: Nothing to be done for `all'.
10:05:18 **** Incremental Build of configuration Debug for project CG2028AssignS2AY2021 ****
make all 
Building file: ../src/iir.s
Invoking: MCU Assembler
arm-none-eabi-gcc -c -x assembler-with-cpp -DDEBUG -D__CODE_RED -D__REDLIB__ -g3 -mcpu=cortex-m3 -mthumb -o"src/iir.o" "../src/iir.s"
Finished building: ../src/iir.s
 
Building target: CG2028AssignS2AY2021.axf
Invoking: MCU Linker
arm-none-eabi-gcc -nostdlib -L"C:\Users\wamik\Documents\Notes Y2S2\CG2028\Labs and assignment\CG2028-assignment\Lib_CMSISv1p30_LPC17xx\Debug" -Xlinker --gc-sections -Xlinker -Map=CG2028AssignS2AY2021.map -mcpu=cortex-m3 -mthumb -T "CG2028AssignS2AY2021_Debug.ld" -o"CG2028AssignS2AY2021.axf"  ./src/cr_startup_lpc17.o ./src/iir.o ./src/main.o   -lCMSISv1p30_LPC17xx
Finished building target: CG2028AssignS2AY2021.axf
 
make --no-print-directory post-build
Performing post-build steps
arm-none-eabi-size CG2028AssignS2AY2021.axf; # arm-none-eabi-objcopy -O ihex CG2028AssignS2AY2021.axf CG2028AssignS2AY2021.hex ;
   text	   data	    bss	    dec	    hex	filename
  12592	      0	    496	  13088	   3320	CG2028AssignS2AY2021.axf
 
18:26:41 **** Build of configuration Debug for project Lib_CMSISv1p30_LPC17xx ****
make all 
make: Nothing to be done for `all'.
18:26:46 **** Build of configuration Debug for project CG2028AssignS2AY2021 ****
make all 
make: Nothing to be done for `all'.
18:29:06 **** Incremental Build of configuration Debug for project Lib_CMSISv1p30_LPC17xx ****
make all 
make: Nothing to be done for `all'.
18:29:09 **** Incremental Build of configuration Debug for project CG2028AssignS2AY2021 ****
make all 
make: Nothing to be done for `all'.
18:30:23 **** Incremental Build of configuration Debug for project Lib_CMSISv1p30_LPC17xx ****
make all 
make: Nothing to be done for `all'.
18:30:26 **** Incremental Build of configuration Debug for project CG2028AssignS2AY2021 ****
make all 
make: Nothing to be done for `all'.
18:30:41 **** Incremental Build of configuration Debug for project Lib_CMSISv1p30_LPC17xx ****
make all 
make: Nothing to be done for `all'.
18:30:44 **** Incremental Build of configuration Debug for project CG2028AssignS2AY2021 ****
make all 
make: Nothing to be done for `all'.
18:35:56 **** Incremental Build of configuration Debug for project CG2028AssignS2AY2021 ****
make all 
Building file: ../src/iir.s
Invoking: MCU Assembler
arm-none-eabi-gcc -c -x assembler-with-cpp -DDEBUG -D__CODE_RED -D__REDLIB__ -g3 -mcpu=cortex-m3 -mthumb -o"src/iir.o" "../src/iir.s"
Finished building: ../src/iir.s
 
Building target: CG2028AssignS2AY2021.axf
Invoking: MCU Linker
arm-none-eabi-gcc -nostdlib -L"C:\Users\wamik\Documents\Notes Y2S2\CG2028\Labs and assignment\CG2028-assignment\Lib_CMSISv1p30_LPC17xx\Debug" -Xlinker --gc-sections -Xlinker -Map=CG2028AssignS2AY2021.map -mcpu=cortex-m3 -mthumb -T "CG2028AssignS2AY2021_Debug.ld" -o"CG2028AssignS2AY2021.axf"  ./src/cr_startup_lpc17.o ./src/iir.o ./src/main.o   -lCMSISv1p30_LPC17xx
Finished building target: CG2028AssignS2AY2021.axf
 
make --no-print-directory post-build
Performing post-build steps
arm-none-eabi-size CG2028AssignS2AY2021.axf; # arm-none-eabi-objcopy -O ihex CG2028AssignS2AY2021.axf CG2028AssignS2AY2021.hex ;
   text	   data	    bss	    dec	    hex	filename
  12592	      0	    496	  13088	   3320	CG2028AssignS2AY2021.axf
 
18:35:59 **** Incremental Build of configuration Debug for project Lib_CMSISv1p30_LPC17xx ****
make all 
make: Nothing to be done for `all'.
18:36:03 **** Incremental Build of configuration Debug for project CG2028AssignS2AY2021 ****
make all 
make: Nothing to be done for `all'.
18:36:27 **** Incremental Build of configuration Debug for project Lib_CMSISv1p30_LPC17xx ****
make all 
make: Nothing to be done for `all'.
18:36:30 **** Incremental Build of configuration Debug for project CG2028AssignS2AY2021 ****
make all 
make: Nothing to be done for `all'.
18:37:02 **** Incremental Build of configuration Debug for project Lib_CMSISv1p30_LPC17xx ****
make all 
make: Nothing to be done for `all'.
18:37:06 **** Incremental Build of configuration Debug for project CG2028AssignS2AY2021 ****
make all 
Building file: ../src/iir.s
Invoking: MCU Assembler
arm-none-eabi-gcc -c -x assembler-with-cpp -DDEBUG -D__CODE_RED -D__REDLIB__ -g3 -mcpu=cortex-m3 -mthumb -o"src/iir.o" "../src/iir.s"
Finished building: ../src/iir.s
 
Building target: CG2028AssignS2AY2021.axf
Invoking: MCU Linker
arm-none-eabi-gcc -nostdlib -L"C:\Users\wamik\Documents\Notes Y2S2\CG2028\Labs and assignment\CG2028-assignment\Lib_CMSISv1p30_LPC17xx\Debug" -Xlinker --gc-sections -Xlinker -Map=CG2028AssignS2AY2021.map -mcpu=cortex-m3 -mthumb -T "CG2028AssignS2AY2021_Debug.ld" -o"CG2028AssignS2AY2021.axf"  ./src/cr_startup_lpc17.o ./src/iir.o ./src/main.o   -lCMSISv1p30_LPC17xx
Finished building target: CG2028AssignS2AY2021.axf
 
make --no-print-directory post-build
Performing post-build steps
arm-none-eabi-size CG2028AssignS2AY2021.axf; # arm-none-eabi-objcopy -O ihex CG2028AssignS2AY2021.axf CG2028AssignS2AY2021.hex ;
   text	   data	    bss	    dec	    hex	filename
  12592	      0	    496	  13088	   3320	CG2028AssignS2AY2021.axf
 
